Archive member included to satisfy reference by file (symbol)

/usr/lib/gcc/arm-none-eabi/12.2.0/../../../../arm-none-eabi/lib/thumb/v7-m/nofp/libc_nano.a(libc_a-atexit.o)
                              /usr/lib/gcc/arm-none-eabi/12.2.0/../../../../arm-none-eabi/lib/thumb/v7-m/nofp/crt0.o (atexit)
/usr/lib/gcc/arm-none-eabi/12.2.0/../../../../arm-none-eabi/lib/thumb/v7-m/nofp/libc_nano.a(libc_a-exit.o)
                              /usr/lib/gcc/arm-none-eabi/12.2.0/../../../../arm-none-eabi/lib/thumb/v7-m/nofp/crt0.o (exit)
/usr/lib/gcc/arm-none-eabi/12.2.0/../../../../arm-none-eabi/lib/thumb/v7-m/nofp/libc_nano.a(libc_a-findfp.o)
                              /usr/lib/gcc/arm-none-eabi/12.2.0/../../../../arm-none-eabi/lib/thumb/v7-m/nofp/libc_nano.a(libc_a-exit.o) (__stdio_exit_handler)
/usr/lib/gcc/arm-none-eabi/12.2.0/../../../../arm-none-eabi/lib/thumb/v7-m/nofp/libc_nano.a(libc_a-fwalk.o)
                              /usr/lib/gcc/arm-none-eabi/12.2.0/../../../../arm-none-eabi/lib/thumb/v7-m/nofp/libc_nano.a(libc_a-findfp.o) (_fwalk_sglue)
/usr/lib/gcc/arm-none-eabi/12.2.0/../../../../arm-none-eabi/lib/thumb/v7-m/nofp/libc_nano.a(libc_a-sprintf.o)
                              build/main.o (sprintf)
/usr/lib/gcc/arm-none-eabi/12.2.0/../../../../arm-none-eabi/lib/thumb/v7-m/nofp/libc_nano.a(libc_a-stdio.o)
                              /usr/lib/gcc/arm-none-eabi/12.2.0/../../../../arm-none-eabi/lib/thumb/v7-m/nofp/libc_nano.a(libc_a-findfp.o) (__sread)
/usr/lib/gcc/arm-none-eabi/12.2.0/../../../../arm-none-eabi/lib/thumb/v7-m/nofp/libc_nano.a(libc_a-memset.o)
                              /usr/lib/gcc/arm-none-eabi/12.2.0/../../../../arm-none-eabi/lib/thumb/v7-m/nofp/crt0.o (memset)
/usr/lib/gcc/arm-none-eabi/12.2.0/../../../../arm-none-eabi/lib/thumb/v7-m/nofp/libc_nano.a(libc_a-closer.o)
                              /usr/lib/gcc/arm-none-eabi/12.2.0/../../../../arm-none-eabi/lib/thumb/v7-m/nofp/libc_nano.a(libc_a-stdio.o) (_close_r)
/usr/lib/gcc/arm-none-eabi/12.2.0/../../../../arm-none-eabi/lib/thumb/v7-m/nofp/libc_nano.a(libc_a-reent.o)
                              /usr/lib/gcc/arm-none-eabi/12.2.0/../../../../arm-none-eabi/lib/thumb/v7-m/nofp/libc_nano.a(libc_a-closer.o) (errno)
/usr/lib/gcc/arm-none-eabi/12.2.0/../../../../arm-none-eabi/lib/thumb/v7-m/nofp/libc_nano.a(libc_a-impure.o)
                              /usr/lib/gcc/arm-none-eabi/12.2.0/../../../../arm-none-eabi/lib/thumb/v7-m/nofp/libc_nano.a(libc_a-sprintf.o) (_impure_ptr)
/usr/lib/gcc/arm-none-eabi/12.2.0/../../../../arm-none-eabi/lib/thumb/v7-m/nofp/libc_nano.a(libc_a-lseekr.o)
                              /usr/lib/gcc/arm-none-eabi/12.2.0/../../../../arm-none-eabi/lib/thumb/v7-m/nofp/libc_nano.a(libc_a-stdio.o) (_lseek_r)
/usr/lib/gcc/arm-none-eabi/12.2.0/../../../../arm-none-eabi/lib/thumb/v7-m/nofp/libc_nano.a(libc_a-readr.o)
                              /usr/lib/gcc/arm-none-eabi/12.2.0/../../../../arm-none-eabi/lib/thumb/v7-m/nofp/libc_nano.a(libc_a-stdio.o) (_read_r)
/usr/lib/gcc/arm-none-eabi/12.2.0/../../../../arm-none-eabi/lib/thumb/v7-m/nofp/libc_nano.a(libc_a-writer.o)
                              /usr/lib/gcc/arm-none-eabi/12.2.0/../../../../arm-none-eabi/lib/thumb/v7-m/nofp/libc_nano.a(libc_a-stdio.o) (_write_r)
/usr/lib/gcc/arm-none-eabi/12.2.0/../../../../arm-none-eabi/lib/thumb/v7-m/nofp/libc_nano.a(libc_a-init.o)
                              /usr/lib/gcc/arm-none-eabi/12.2.0/../../../../arm-none-eabi/lib/thumb/v7-m/nofp/crt0.o (__libc_init_array)
/usr/lib/gcc/arm-none-eabi/12.2.0/../../../../arm-none-eabi/lib/thumb/v7-m/nofp/libc_nano.a(libc_a-fini.o)
                              /usr/lib/gcc/arm-none-eabi/12.2.0/../../../../arm-none-eabi/lib/thumb/v7-m/nofp/crt0.o (__libc_fini_array)
/usr/lib/gcc/arm-none-eabi/12.2.0/../../../../arm-none-eabi/lib/thumb/v7-m/nofp/libc_nano.a(libc_a-lock.o)
                              /usr/lib/gcc/arm-none-eabi/12.2.0/../../../../arm-none-eabi/lib/thumb/v7-m/nofp/libc_nano.a(libc_a-findfp.o) (__retarget_lock_init_recursive)
/usr/lib/gcc/arm-none-eabi/12.2.0/../../../../arm-none-eabi/lib/thumb/v7-m/nofp/libc_nano.a(libc_a-memcpy-stub.o)
                              build/queue.o (memcpy)
/usr/lib/gcc/arm-none-eabi/12.2.0/../../../../arm-none-eabi/lib/thumb/v7-m/nofp/libc_nano.a(libc_a-__atexit.o)
                              /usr/lib/gcc/arm-none-eabi/12.2.0/../../../../arm-none-eabi/lib/thumb/v7-m/nofp/libc_nano.a(libc_a-atexit.o) (__register_exitproc)
/usr/lib/gcc/arm-none-eabi/12.2.0/../../../../arm-none-eabi/lib/thumb/v7-m/nofp/libc_nano.a(libc_a-__call_atexit.o)
                              /usr/lib/gcc/arm-none-eabi/12.2.0/../../../../arm-none-eabi/lib/thumb/v7-m/nofp/libc_nano.a(libc_a-__atexit.o) (__call_exitprocs)
/usr/lib/gcc/arm-none-eabi/12.2.0/../../../../arm-none-eabi/lib/thumb/v7-m/nofp/libc_nano.a(libc_a-freer.o)
[...]
Memory Configuration

Name             Origin             Length             Attributes
RAM              0x0000000020000000 0x0000000000005000 xrw
FLASH            0x0000000008000000 0x0000000000010000 xr
*default*        0x0000000000000000 0xffffffffffffffff

Linker script and memory map

LOAD /usr/lib/gcc/arm-none-eabi/12.2.0/thumb/v7-m/nofp/crti.o
LOAD /usr/lib/gcc/arm-none-eabi/12.2.0/thumb/v7-m/nofp/crtbegin.o
LOAD /usr/lib/gcc/arm-none-eabi/12.2.0/../../../../arm-none-eabi/lib/thumb/v7-m/nofp/crt0.o
LOAD build/main.o
LOAD build/freertos.o
LOAD build/stm32f1xx_it.o
LOAD build/stm32f1xx_hal_msp.o
LOAD build/stm32f1xx_hal_timebase_tim.o
LOAD build/i2c_lcd.o
LOAD build/stm32f1xx_hal_gpio_ex.o
LOAD build/stm32f1xx_hal.o
LOAD build/stm32f1xx_hal_rcc.o
LOAD build/stm32f1xx_hal_rcc_ex.o
LOAD build/stm32f1xx_hal_gpio.o
LOAD build/stm32f1xx_hal_dma.o
LOAD build/stm32f1xx_hal_cortex.o
LOAD build/stm32f1xx_hal_pwr.o
LOAD build/stm32f1xx_hal_flash.o
LOAD build/stm32f1xx_hal_flash_ex.o
LOAD build/stm32f1xx_hal_exti.o
LOAD build/stm32f1xx_hal_tim.o
LOAD build/stm32f1xx_hal_tim_ex.o
LOAD build/system_stm32f1xx.o
LOAD build/croutine.o
LOAD build/event_groups.o
LOAD build/list.o
LOAD build/queue.o
LOAD build/stream_buffer.o
LOAD build/tasks.o
LOAD build/timers.o
LOAD build/cmsis_os.o
LOAD build/heap_4.o
LOAD build/port.o
LOAD build/stm32f1xx_hal_i2c.o
LOAD build/startup_stm32f103xb.o
LOAD /usr/lib/gcc/arm-none-eabi/12.2.0/../../../../arm-none-eabi/lib/thumb/v7-m/nofp/libc_nano.a
LOAD /usr/lib/gcc/arm-none-eabi/12.2.0/../../../../arm-none-eabi/lib/thumb/v7-m/nofp/libm.a
LOAD /usr/lib/gcc/arm-none-eabi/12.2.0/../../../../arm-none-eabi/lib/thumb/v7-m/nofp/libnosys.a
START GROUP
LOAD /usr/lib/gcc/arm-none-eabi/12.2.0/thumb/v7-m/nofp/libgcc.a
LOAD /usr/lib/gcc/arm-none-eabi/12.2.0/../../../../arm-none-eabi/lib/thumb/v7-m/nofp/libc_nano.a
END GROUP
START GROUP
LOAD /usr/lib/gcc/arm-none-eabi/12.2.0/thumb/v7-m/nofp/libgcc.a
LOAD /usr/lib/gcc/arm-none-eabi/12.2.0/../../../../arm-none-eabi/lib/thumb/v7-m/nofp/libc_nano.a
END GROUP
LOAD /usr/lib/gcc/arm-none-eabi/12.2.0/thumb/v7-m/nofp/crtend.o
LOAD /usr/lib/gcc/arm-none-eabi/12.2.0/thumb/v7-m/nofp/crtn.o
                0x0000000020005000                _estack = (ORIGIN (RAM) + LENGTH (RAM))
                0x0000000000000200                _Min_Heap_Size = 0x200
                0x0000000000000400                _Min_Stack_Size = 0x400

.isr_vector     0x0000000008000000      0x10c
                0x0000000008000000                . = ALIGN (0x4)
 *(.isr_vector)
 .isr_vector    0x0000000008000000      0x10c build/startup_stm32f103xb.o
                0x0000000008000000                g_pfnVectors
                0x000000000800010c                . = ALIGN (0x4)

.text           0x0000000008000110     0x3560
                0x0000000008000110                . = ALIGN (0x4)
 *(.text)
 *(.text*)
 .text.__do_global_dtors_aux
                0x0000000008000110       0x24 /usr/lib/gcc/arm-none-eabi/12.2.0/thumb/v7-m/nofp/crtbegin.o
 .text.frame_dummy
                0x0000000008000134       0x1c /usr/lib/gcc/arm-none-eabi/12.2.0/thumb/v7-m/nofp/crtbegin.o
 .text.MX_GPIO_Init
                0x0000000008000150       0xb4 build/main.o
 .text.StartDefaultTask
                0x0000000008000204        0xa build/main.o
                0x0000000008000204                StartDefaultTask
 .text.print_long_text
                0x000000000800020e       0x34 build/main.o
                0x000000000800020e                print_long_text
 *fill*         0x0000000008000242        0x2 
 .text.LCD_Task
                0x0000000008000244       0xb0 build/main.o
                0x0000000008000244                LCD_Task
 .text.HAL_GPIO_EXTI_Callback
                0x00000000080002f4       0x28 build/main.o
                0x00000000080002f4                HAL_GPIO_EXTI_Callback
 .text.HAL_TIM_PeriodElapsedCallback
                0x000000000800031c       0x18 build/main.o
                0x000000000800031c                HAL_TIM_PeriodElapsedCallback
 .text.Error_Handler
                0x0000000008000334        0x4 build/main.o
                0x0000000008000334                Error_Handler
 .text.MX_I2C1_Init
                0x0000000008000338       0x3c build/main.o
 .text.SystemClock_Config
                0x0000000008000374       0x60 build/main.o
                0x0000000008000374                SystemClock_Config
 .text.main     0x00000000080003d4       0xb0 build/main.o
                0x00000000080003d4                main
 .text.vApplicationIdleHook
                0x0000000008000484        0x2 build/freertos.o
                0x0000000008000484                vApplicationIdleHook
 *fill*         0x0000000008000486        0x2 
 .text.vApplicationGetIdleTaskMemory
                0x0000000008000488       0x18 build/freertos.o
                0x0000000008000488                vApplicationGetIdleTaskMemory
 .text.NMI_Handler
                0x00000000080004a0        0x2 build/stm32f1xx_it.o
                0x00000000080004a0                NMI_Handler
 .text.HardFault_Handler
                0x00000000080004a2        0x2 build/stm32f1xx_it.o
                0x00000000080004a2                HardFault_Handler
 .text.MemManage_Handler
                0x00000000080004a4        0x2 build/stm32f1xx_it.o
                0x00000000080004a4                MemManage_Handler
 .text.BusFault_Handler
                0x00000000080004a6        0x2 build/stm32f1xx_it.o
                0x00000000080004a6                BusFault_Handler
 .text.UsageFault_Handler
                0x00000000080004a8        0x2 build/stm32f1xx_it.o
                0x00000000080004a8                UsageFault_Handler
 .text.DebugMon_Handler
                0x00000000080004aa        0x2 build/stm32f1xx_it.o
                0x00000000080004aa                DebugMon_Handler
 .text.EXTI3_IRQHandler
                0x00000000080004ac        0xa build/stm32f1xx_it.o
                0x00000000080004ac                EXTI3_IRQHandler
 *fill*         0x00000000080004b6        0x2 
 .text.TIM1_UP_IRQHandler
                0x00000000080004b8       0x10 build/stm32f1xx_it.o
                0x00000000080004b8                TIM1_UP_IRQHandler
 .text.HAL_MspInit
                0x00000000080004c8       0x54 build/stm32f1xx_hal_msp.o
                0x00000000080004c8                HAL_MspInit
 .text.HAL_I2C_MspInit
                0x000000000800051c       0x64 build/stm32f1xx_hal_msp.o
                0x000000000800051c                HAL_I2C_MspInit
 .text.HAL_InitTick
                0x0000000008000580       0x94 build/stm32f1xx_hal_timebase_tim.o
                0x0000000008000580                HAL_InitTick
 .text.i2cLcd_I2cWrite
                0x0000000008000614       0x1a build/i2c_lcd.o
                0x0000000008000614                i2cLcd_I2cWrite
 .text.i2cLcd_CreateHandle
                0x000000000800062e       0x24 build/i2c_lcd.o
                0x000000000800062e                i2cLcd_CreateHandle
 .text.i2cLcd_Delay_ms
                0x0000000008000652        0xa build/i2c_lcd.o
                0x0000000008000652                i2cLcd_Delay_ms
 .text.i2cLcd_SendByte
                0x000000000800065c       0xa6 build/i2c_lcd.o
                0x000000000800065c                i2cLcd_SendByte
 .text.i2cLcd_SendChar
                0x0000000008000702        0xa build/i2c_lcd.o
                0x0000000008000702                i2cLcd_SendChar
 .text.i2cLcd_SendCmd
                0x000000000800070c        0xa build/i2c_lcd.o
                0x000000000800070c                i2cLcd_SendCmd
 .text.i2cLcd_ClearDisplay
                0x0000000008000716        0xa build/i2c_lcd.o
                0x0000000008000716                i2cLcd_ClearDisplay
 .text.i2cLcd_ReturnHome
                0x0000000008000720        0xa build/i2c_lcd.o
                0x0000000008000720                i2cLcd_ReturnHome
 .text.i2cLcd_SendCmd_4b
                0x000000000800072a        0xa build/i2c_lcd.o
                0x000000000800072a                i2cLcd_SendCmd_4b
 .text.i2cLcd_SetCursorPosition
                0x0000000008000734        0xe build/i2c_lcd.o
                0x0000000008000734                i2cLcd_SetCursorPosition
 .text.i2cLcd_Init
                0x0000000008000742       0x7e build/i2c_lcd.o
                0x0000000008000742                i2cLcd_Init
 .text.HAL_Init
                0x00000000080007c0       0x24 build/stm32f1xx_hal.o
                0x00000000080007c0                HAL_Init
 .text.HAL_IncTick
                0x00000000080007e4       0x18 build/stm32f1xx_hal.o
                0x00000000080007e4                HAL_IncTick
 .text.HAL_GetTick
                0x00000000080007fc        0xc build/stm32f1xx_hal.o
                0x00000000080007fc                HAL_GetTick
 .text.HAL_Delay
                0x0000000008000808       0x28 build/stm32f1xx_hal.o
                0x0000000008000808                HAL_Delay
 .text.RCC_Delay
                0x0000000008000830       0x2c build/stm32f1xx_hal_rcc.o
 .text.HAL_RCC_OscConfig
                0x000000000800085c      0x410 build/stm32f1xx_hal_rcc.o
                0x000000000800085c                HAL_RCC_OscConfig
 .text.HAL_RCC_GetSysClockFreq
                0x0000000008000c6c       0x70 build/stm32f1xx_hal_rcc.o
                0x0000000008000c6c                HAL_RCC_GetSysClockFreq
 .text.HAL_RCC_ClockConfig
                0x0000000008000cdc      0x16c build/stm32f1xx_hal_rcc.o
                0x0000000008000cdc                HAL_RCC_ClockConfig
 .text.HAL_RCC_GetHCLKFreq
                0x0000000008000e48        0xc build/stm32f1xx_hal_rcc.o
                0x0000000008000e48                HAL_RCC_GetHCLKFreq
 .text.HAL_RCC_GetPCLK1Freq
                0x0000000008000e54       0x20 build/stm32f1xx_hal_rcc.o
                0x0000000008000e54                HAL_RCC_GetPCLK1Freq
 .text.HAL_RCC_GetPCLK2Freq
                0x0000000008000e74       0x20 build/stm32f1xx_hal_rcc.o
                0x0000000008000e74                HAL_RCC_GetPCLK2Freq
 .text.HAL_RCC_GetClockConfig
                0x0000000008000e94       0x3c build/stm32f1xx_hal_rcc.o
                0x0000000008000e94                HAL_RCC_GetClockConfig
 .text.HAL_GPIO_Init
                0x0000000008000ed0      0x21c build/stm32f1xx_hal_gpio.o
                0x0000000008000ed0                HAL_GPIO_Init
 .text.HAL_GPIO_WritePin
                0x00000000080010ec        0xc build/stm32f1xx_hal_gpio.o
                0x00000000080010ec                HAL_GPIO_WritePin
 .text.HAL_GPIO_TogglePin
                0x00000000080010f8       0x12 build/stm32f1xx_hal_gpio.o
                0x00000000080010f8                HAL_GPIO_TogglePin
 *fill*         0x000000000800110a        0x2 
 .text.HAL_GPIO_EXTI_IRQHandler
                0x000000000800110c       0x1c build/stm32f1xx_hal_gpio.o
                0x000000000800110c                HAL_GPIO_EXTI_IRQHandler
 .text.__NVIC_SetPriority
                0x0000000008001128       0x28 build/stm32f1xx_hal_cortex.o
 .text.NVIC_EncodePriority
                0x0000000008001150       0x3e build/stm32f1xx_hal_cortex.o
 *fill*         0x000000000800118e        0x2 
 .text.HAL_NVIC_SetPriorityGrouping
                0x0000000008001190       0x24 build/stm32f1xx_hal_cortex.o
                0x0000000008001190                HAL_NVIC_SetPriorityGrouping
 .text.HAL_NVIC_SetPriority
                0x00000000080011b4       0x20 build/stm32f1xx_hal_cortex.o
                0x00000000080011b4                HAL_NVIC_SetPriority
 .text.HAL_NVIC_EnableIRQ
                0x00000000080011d4       0x1c build/stm32f1xx_hal_cortex.o
                0x00000000080011d4                HAL_NVIC_EnableIRQ
 .text.HAL_TIM_Base_MspInit
                0x00000000080011f0        0x2 build/stm32f1xx_hal_tim.o
                0x00000000080011f0                HAL_TIM_Base_MspInit
 *fill*         0x00000000080011f2        0x2 
 .text.HAL_TIM_Base_Start_IT
                0x00000000080011f4       0x68 build/stm32f1xx_hal_tim.o
                0x00000000080011f4                HAL_TIM_Base_Start_IT
 .text.HAL_TIM_OC_DelayElapsedCallback
                0x000000000800125c        0x2 build/stm32f1xx_hal_tim.o
                0x000000000800125c                HAL_TIM_OC_DelayElapsedCallback
 .text.HAL_TIM_IC_CaptureCallback
                0x000000000800125e        0x2 build/stm32f1xx_hal_tim.o
                0x000000000800125e                HAL_TIM_IC_CaptureCallback
 .text.HAL_TIM_PWM_PulseFinishedCallback
                0x0000000008001260        0x2 build/stm32f1xx_hal_tim.o
                0x0000000008001260                HAL_TIM_PWM_PulseFinishedCallback
 .text.HAL_TIM_TriggerCallback
                0x0000000008001262        0x2 build/stm32f1xx_hal_tim.o
                0x0000000008001262                HAL_TIM_TriggerCallback
 .text.HAL_TIM_IRQHandler
                0x0000000008001264      0x17a build/stm32f1xx_hal_tim.o
                0x0000000008001264                HAL_TIM_IRQHandler
 *fill*         0x00000000080013de        0x2 
 .text.TIM_Base_SetConfig
                0x00000000080013e0       0x74 build/stm32f1xx_hal_tim.o
                0x00000000080013e0                TIM_Base_SetConfig
 .text.HAL_TIM_Base_Init
                0x0000000008001454       0x58 build/stm32f1xx_hal_tim.o
                0x0000000008001454                HAL_TIM_Base_Init
 .text.HAL_TIMEx_CommutCallback
                0x00000000080014ac        0x2 build/stm32f1xx_hal_tim_ex.o
                0x00000000080014ac                HAL_TIMEx_CommutCallback
 .text.HAL_TIMEx_BreakCallback
                0x00000000080014ae        0x2 build/stm32f1xx_hal_tim_ex.o
                0x00000000080014ae                HAL_TIMEx_BreakCallback
 .text.SystemInit
                0x00000000080014b0        0x2 build/system_stm32f1xx.o
                0x00000000080014b0                SystemInit
 .text.vListInitialise
                0x00000000080014b2       0x16 build/list.o
                0x00000000080014b2                vListInitialise
 .text.vListInitialiseItem
                0x00000000080014c8        0x6 build/list.o
                0x00000000080014c8                vListInitialiseItem
 .text.vListInsertEnd
                0x00000000080014ce       0x16 build/list.o
                0x00000000080014ce                vListInsertEnd
 .text.vListInsert
                0x00000000080014e4       0x32 build/list.o
                0x00000000080014e4                vListInsert
 .text.uxListRemove
                0x0000000008001516       0x26 build/list.o
                0x0000000008001516                uxListRemove
 .text.prvResetNextTaskUnblockTime
                0x000000000800153c       0x2c build/tasks.o
 .text.prvInitialiseNewTask
                0x0000000008001568       0x90 build/tasks.o
 .text.prvInitialiseTaskLists
                0x00000000080015f8       0x68 build/tasks.o
 .text.prvAddNewTaskToReadyList
                0x0000000008001660       0xa8 build/tasks.o
 .text.prvDeleteTCB
                0x0000000008001708       0x38 build/tasks.o
 .text.prvCheckTasksWaitingTermination
                0x0000000008001740       0x4c build/tasks.o
 .text.prvAddCurrentTaskToDelayedList
                0x000000000800178c       0x98 build/tasks.o
 .text.prvIdleTask
                0x0000000008001824       0x30 build/tasks.o
 .text.xTaskCreateStatic
                0x0000000008001854       0x74 build/tasks.o
                0x0000000008001854                xTaskCreateStatic
 .text.xTaskCreate
                0x00000000080018c8       0x64 build/tasks.o
                0x00000000080018c8                xTaskCreate
 .text.vTaskStartScheduler
                0x000000000800192c       0x74 build/tasks.o
                0x000000000800192c                vTaskStartScheduler
 .text.vTaskSuspendAll
                0x00000000080019a0       0x10 build/tasks.o
                0x00000000080019a0                vTaskSuspendAll
 .text.xTaskIncrementTick
                0x00000000080019b0      0x118 build/tasks.o
                0x00000000080019b0                xTaskIncrementTick
 .text.xTaskResumeAll
                0x0000000008001ac8       0xf8 build/tasks.o
                0x0000000008001ac8                xTaskResumeAll
 .text.vTaskDelay
                0x0000000008001bc0       0x4c build/tasks.o
                0x0000000008001bc0                vTaskDelay
 .text.vTaskSwitchContext
                0x0000000008001c0c       0x98 build/tasks.o
                0x0000000008001c0c                vTaskSwitchContext
 .text.makeFreeRtosPriority
                0x0000000008001ca4        0xc build/cmsis_os.o
 .text.osKernelStart
                0x0000000008001cb0        0xa build/cmsis_os.o
                0x0000000008001cb0                osKernelStart
 .text.osThreadCreate
                0x0000000008001cba       0x66 build/cmsis_os.o
                0x0000000008001cba                osThreadCreate
 .text.osDelay  0x0000000008001d20        0xe build/cmsis_os.o
                0x0000000008001d20                osDelay
 *fill*         0x0000000008001d2e        0x2 
 .text.prvHeapInit
                0x0000000008001d30       0x64 build/heap_4.o
 .text.prvInsertBlockIntoFreeList
                0x0000000008001d94       0x60 build/heap_4.o
 .text.pvPortMalloc
                0x0000000008001df4       0xf8 build/heap_4.o
                0x0000000008001df4                pvPortMalloc
 .text.vPortFree
                0x0000000008001eec       0x70 build/heap_4.o
                0x0000000008001eec                vPortFree
 .text.prvTaskExitError
                0x0000000008001f5c       0x40 build/port.o
 .text.prvPortStartFirstTask
                0x0000000008001f9c       0x20 build/port.o
 .text.pxPortInitialiseStack
                0x0000000008001fbc       0x24 build/port.o
                0x0000000008001fbc                pxPortInitialiseStack
 .text.SVC_Handler
                0x0000000008001fe0       0x24 build/port.o
                0x0000000008001fe0                SVC_Handler
 .text.vPortEnterCritical
                0x0000000008002004       0x44 build/port.o
                0x0000000008002004                vPortEnterCritical
 .text.vPortExitCritical
                0x0000000008002048       0x2c build/port.o
                0x0000000008002048                vPortExitCritical
 *fill*         0x0000000008002074        0xc 
 .text.PendSV_Handler
                0x0000000008002080       0x44 build/port.o
                0x0000000008002080                PendSV_Handler
 .text.SysTick_Handler
                0x00000000080020c4       0x2c build/port.o
                0x00000000080020c4                SysTick_Handler
 .text.vPortSetupTimerInterrupt
                0x00000000080020f0       0x28 build/port.o
                0x00000000080020f0                vPortSetupTimerInterrupt
 .text.xPortStartScheduler
                0x0000000008002118       0xc0 build/port.o
                0x0000000008002118                xPortStartScheduler
 .text.I2C_IsAcknowledgeFailed
                0x00000000080021d8       0x32 build/stm32f1xx_hal_i2c.o
 .text.I2C_WaitOnFlagUntilTimeout
                0x000000000800220a       0x7c build/stm32f1xx_hal_i2c.o
 .text.I2C_WaitOnMasterAddressFlagUntilTimeout
                0x0000000008002286       0xaa build/stm32f1xx_hal_i2c.o
 .text.I2C_MasterRequestWrite
                0x0000000008002330       0xb4 build/stm32f1xx_hal_i2c.o
 .text.I2C_MasterRequestRead
                0x00000000080023e4      0x120 build/stm32f1xx_hal_i2c.o
 .text.I2C_WaitOnTXEFlagUntilTimeout
                0x0000000008002504       0x54 build/stm32f1xx_hal_i2c.o
 .text.I2C_WaitOnBTFFlagUntilTimeout
                0x0000000008002558       0x54 build/stm32f1xx_hal_i2c.o
 .text.I2C_WaitOnRXNEFlagUntilTimeout
                0x00000000080025ac       0x6a build/stm32f1xx_hal_i2c.o
 *fill*         0x0000000008002616        0x2 
 .text.HAL_I2C_Init
                0x0000000008002618      0x1bc build/stm32f1xx_hal_i2c.o
                0x0000000008002618                HAL_I2C_Init
 .text.HAL_I2C_Master_Transmit
                0x00000000080027d4      0x178 build/stm32f1xx_hal_i2c.o
                0x00000000080027d4                HAL_I2C_Master_Transmit
 .text.HAL_I2C_Master_Receive
                0x000000000800294c      0x344 build/stm32f1xx_hal_i2c.o
                0x000000000800294c                HAL_I2C_Master_Receive
 .text.Reset_Handler
                0x0000000008002c90       0x48 build/startup_stm32f103xb.o
                0x0000000008002c90                Reset_Handler
 .text.Default_Handler
                0x0000000008002cd8        0x2 build/startup_stm32f103xb.o
                0x0000000008002cd8                RTC_Alarm_IRQHandler
                0x0000000008002cd8                EXTI2_IRQHandler
                0x0000000008002cd8                TIM1_CC_IRQHandler
                0x0000000008002cd8                PVD_IRQHandler
                0x0000000008002cd8                EXTI0_IRQHandler
                0x0000000008002cd8                I2C2_EV_IRQHandler
                0x0000000008002cd8                ADC1_2_IRQHandler
                0x0000000008002cd8                SPI1_IRQHandler
                0x0000000008002cd8                TAMPER_IRQHandler
                0x0000000008002cd8                DMA1_Channel4_IRQHandler
                0x0000000008002cd8                USART3_IRQHandler
                0x0000000008002cd8                RTC_IRQHandler
                0x0000000008002cd8                DMA1_Channel7_IRQHandler
                0x0000000008002cd8                CAN1_RX1_IRQHandler
                0x0000000008002cd8                TIM4_IRQHandler
                0x0000000008002cd8                I2C1_EV_IRQHandler
                0x0000000008002cd8                DMA1_Channel6_IRQHandler
                0x0000000008002cd8                TIM3_IRQHandler
                0x0000000008002cd8                RCC_IRQHandler
                0x0000000008002cd8                TIM1_TRG_COM_IRQHandler
                0x0000000008002cd8                DMA1_Channel1_IRQHandler
                0x0000000008002cd8                Default_Handler
                0x0000000008002cd8                EXTI15_10_IRQHandler
                0x0000000008002cd8                EXTI9_5_IRQHandler
                0x0000000008002cd8                SPI2_IRQHandler
                0x0000000008002cd8                DMA1_Channel5_IRQHandler
                0x0000000008002cd8                EXTI4_IRQHandler
                0x0000000008002cd8                USB_LP_CAN1_RX0_IRQHandler
                0x0000000008002cd8                USB_HP_CAN1_TX_IRQHandler
                0x0000000008002cd8                DMA1_Channel3_IRQHandler
                0x0000000008002cd8                WWDG_IRQHandler
                0x0000000008002cd8                TIM2_IRQHandler
                0x0000000008002cd8                TIM1_BRK_IRQHandler
                0x0000000008002cd8                EXTI1_IRQHandler
                0x0000000008002cd8                USART2_IRQHandler
                0x0000000008002cd8                I2C2_ER_IRQHandler
                0x0000000008002cd8                DMA1_Channel2_IRQHandler
                0x0000000008002cd8                CAN1_SCE_IRQHandler
                0x0000000008002cd8                FLASH_IRQHandler
                0x0000000008002cd8                USART1_IRQHandler
                0x0000000008002cd8                I2C1_ER_IRQHandler
                0x0000000008002cd8                USBWakeUp_IRQHandler
 *fill*         0x0000000008002cda        0x2 
 .text.sprintf  0x0000000008002cdc       0x40 /usr/lib/gcc/arm-none-eabi/12.2.0/../../../../arm-none-eabi/lib/thumb/v7-m/nofp/libc_nano.a(libc_a-sprintf.o)
                0x0000000008002cdc                sprintf
                0x0000000008002cdc                siprintf
 .text.memset   0x0000000008002d1c       0x10 /usr/lib/gcc/arm-none-eabi/12.2.0/../../../../arm-none-eabi/lib/thumb/v7-m/nofp/libc_nano.a(libc_a-memset.o)
                0x0000000008002d1c                memset
 .text.__libc_init_array
                0x0000000008002d2c       0x48 /usr/lib/gcc/arm-none-eabi/12.2.0/../../../../arm-none-eabi/lib/thumb/v7-m/nofp/libc_nano.a(libc_a-init.o)
                0x0000000008002d2c                __libc_init_array
 .text.__retarget_lock_acquire_recursive
                0x0000000008002d74        0x2 /usr/lib/gcc/arm-none-eabi/12.2.0/../../../../arm-none-eabi/lib/thumb/v7-m/nofp/libc_nano.a(libc_a-lock.o)
                0x0000000008002d74                __retarget_lock_acquire_recursive
 .text.__retarget_lock_release_recursive
                0x0000000008002d76        0x2 /usr/lib/gcc/arm-none-eabi/12.2.0/../../../../arm-none-eabi/lib/thumb/v7-m/nofp/libc_nano.a(libc_a-lock.o)
                0x0000000008002d76                __retarget_lock_release_recursive
 .text.memcpy   0x0000000008002d78       0x1c /usr/lib/gcc/arm-none-eabi/12.2.0/../../../../arm-none-eabi/lib/thumb/v7-m/nofp/libc_nano.a(libc_a-memcpy-stub.o)
                0x0000000008002d78                memcpy
 .text._free_r  0x0000000008002d94       0x90 /usr/lib/gcc/arm-none-eabi/12.2.0/../../../../arm-none-eabi/lib/thumb/v7-m/nofp/libc_nano.a(libc_a-freer.o)
                0x0000000008002d94                _free_r
 .text.sbrk_aligned
                0x0000000008002e24       0x44 /usr/lib/gcc/arm-none-eabi/12.2.0/../../../../arm-none-eabi/lib/thumb/v7-m/nofp/libc_nano.a(libc_a-mallocr.o)
 .text._malloc_r
                0x0000000008002e68       0xf0 /usr/lib/gcc/arm-none-eabi/12.2.0/../../../../arm-none-eabi/lib/thumb/v7-m/nofp/libc_nano.a(libc_a-mallocr.o)
                0x0000000008002e68                _malloc_r
 .text.__malloc_lock
                0x0000000008002f58        0xc /usr/lib/gcc/arm-none-eabi/12.2.0/../../../../arm-none-eabi/lib/thumb/v7-m/nofp/libc_nano.a(libc_a-mlock.o)
                0x0000000008002f58                __malloc_lock
 .text.__malloc_unlock
                0x0000000008002f64        0xc /usr/lib/gcc/arm-none-eabi/12.2.0/../../../../arm-none-eabi/lib/thumb/v7-m/nofp/libc_nano.a(libc_a-mlock.o)
                0x0000000008002f64                __malloc_unlock
 .text.__ssputs_r
                0x0000000008002f70       0xb6 /usr/lib/gcc/arm-none-eabi/12.2.0/../../../../arm-none-eabi/lib/thumb/v7-m/nofp/libc_nano.a(libc_a-nano-svfprintf.o)
                0x0000000008002f70                __ssputs_r
 *fill*         0x0000000008003026        0x2 
 .text._svfprintf_r
                0x0000000008003028      0x1f8 /usr/lib/gcc/arm-none-eabi/12.2.0/../../../../arm-none-eabi/lib/thumb/v7-m/nofp/libc_nano.a(libc_a-nano-svfprintf.o)
                0x0000000008003028                _svfprintf_r
                0x0000000008003028                _svfiprintf_r
 .text._printf_common
                0x0000000008003220       0xe4 /usr/lib/gcc/arm-none-eabi/12.2.0/../../../../arm-none-eabi/lib/thumb/v7-m/nofp/libc_nano.a(libc_a-nano-vfprintf_i.o)
                0x0000000008003220                _printf_common
 .text._printf_i
                0x0000000008003304      0x25c /usr/lib/gcc/arm-none-eabi/12.2.0/../../../../arm-none-eabi/lib/thumb/v7-m/nofp/libc_nano.a(libc_a-nano-vfprintf_i.o)
                0x0000000008003304                _printf_i
 .text.memmove  0x0000000008003560       0x34 /usr/lib/gcc/arm-none-eabi/12.2.0/../../../../arm-none-eabi/lib/thumb/v7-m/nofp/libc_nano.a(libc_a-memmove.o)
                0x0000000008003560                memmove
 .text._sbrk_r  0x0000000008003594       0x20 /usr/lib/gcc/arm-none-eabi/12.2.0/../../../../arm-none-eabi/lib/thumb/v7-m/nofp/libc_nano.a(libc_a-sbrkr.o)
                0x0000000008003594                _sbrk_r
 .text.memchr   0x00000000080035b4       0x1c /usr/lib/gcc/arm-none-eabi/12.2.0/../../../../arm-none-eabi/lib/thumb/v7-m/nofp/libc_nano.a(libc_a-memchr-stub.o)
                0x00000000080035b4                memchr
 .text._realloc_r
                0x00000000080035d0       0x5c /usr/lib/gcc/arm-none-eabi/12.2.0/../../../../arm-none-eabi/lib/thumb/v7-m/nofp/libc_nano.a(libc_a-reallocr.o)
                0x00000000080035d0                _realloc_r
 .text._malloc_usable_size_r
                0x000000000800362c       0x10 /usr/lib/gcc/arm-none-eabi/12.2.0/../../../../arm-none-eabi/lib/thumb/v7-m/nofp/libc_nano.a(libc_a-msizer.o)
                0x000000000800362c                _malloc_usable_size_r
 .text._sbrk    0x000000000800363c       0x1c /usr/lib/gcc/arm-none-eabi/12.2.0/../../../../arm-none-eabi/lib/thumb/v7-m/nofp/libnosys.a(sbrk.o)
                0x000000000800363c                _sbrk
 *(.glue_7)
 .glue_7        0x0000000008003658        0x0 linker stubs
 *(.glue_7t)
 .glue_7t       0x0000000008003658        0x0 linker stubs
 *(.eh_frame)
 .eh_frame      0x0000000008003658        0x0 /usr/lib/gcc/arm-none-eabi/12.2.0/thumb/v7-m/nofp/crtbegin.o
 *(.init)
 .init          0x0000000008003658        0x4 /usr/lib/gcc/arm-none-eabi/12.2.0/thumb/v7-m/nofp/crti.o
                0x0000000008003658                _init
 .init          0x000000000800365c        0x8 /usr/lib/gcc/arm-none-eabi/12.2.0/thumb/v7-m/nofp/crtn.o
 *(.fini)
 .fini          0x0000000008003664        0x4 /usr/lib/gcc/arm-none-eabi/12.2.0/thumb/v7-m/nofp/crti.o
                0x0000000008003664                _fini
 .fini          0x0000000008003668        0x8 /usr/lib/gcc/arm-none-eabi/12.2.0/thumb/v7-m/nofp/crtn.o
                0x0000000008003670                . = ALIGN (0x4)
                0x0000000008003670                _etext = .

.vfp11_veneer   0x0000000008003670        0x0
 .vfp11_veneer  0x0000000008003670        0x0 linker stubs

.v4_bx          0x0000000008003670        0x0
 .v4_bx         0x0000000008003670        0x0 linker stubs

.iplt           0x0000000008003670        0x0
 .iplt          0x0000000008003670        0x0 /usr/lib/gcc/arm-none-eabi/12.2.0/thumb/v7-m/nofp/crtbegin.o

.rodata         0x0000000008003670       0xe0
                0x0000000008003670                . = ALIGN (0x4)
 *(.rodata)
 .rodata        0x0000000008003670       0x38 build/main.o
 *(.rodata*)
 .rodata.LCD_Task.str1.4
                0x00000000080036a8       0x10 build/main.o
                                         0x20 (size before relaxing)
 .rodata.main.str1.4
                0x00000000080036b8       0x1d build/main.o
 *fill*         0x00000000080036d5        0x3 
 .rodata.str1.4
                0x00000000080036d8       0x14 build/main.o
 .rodata.HAL_RCC_GetSysClockFreq.str1.4
                0x00000000080036ec       0x11 build/stm32f1xx_hal_rcc.o
 *fill*         0x00000000080036fd        0x3 
 .rodata.APBPrescTable
                0x0000000008003700        0x8 build/system_stm32f1xx.o
                0x0000000008003700                APBPrescTable
 .rodata.AHBPrescTable
                0x0000000008003708       0x10 build/system_stm32f1xx.o
                0x0000000008003708                AHBPrescTable
 .rodata.vTaskStartScheduler.str1.4
                0x0000000008003718        0x5 build/tasks.o
 .rodata._svfprintf_r.str1.1
                0x000000000800371d       0x11 /usr/lib/gcc/arm-none-eabi/12.2.0/../../../../arm-none-eabi/lib/thumb/v7-m/nofp/libc_nano.a(libc_a-nano-svfprintf.o)
 .rodata._printf_i.str1.1
                0x000000000800372e       0x22 /usr/lib/gcc/arm-none-eabi/12.2.0/../../../../arm-none-eabi/lib/thumb/v7-m/nofp/libc_nano.a(libc_a-nano-vfprintf_i.o)
                0x0000000008003750                . = ALIGN (0x4)

.rel.dyn        0x0000000008003750        0x0
 .rel.iplt      0x0000000008003750        0x0 /usr/lib/gcc/arm-none-eabi/12.2.0/thumb/v7-m/nofp/crtbegin.o

.ARM.extab
 *(.ARM.extab* .gnu.linkonce.armextab.*)

.ARM            0x0000000008003750        0x0
                0x0000000008003750                __exidx_start = .
 *(.ARM.exidx*)
                0x0000000008003750                __exidx_end = .

.preinit_array  0x0000000008003750        0x0
                0x0000000008003750                PROVIDE (__preinit_array_start = .)
 *(.preinit_array*)
                0x0000000008003750                PROVIDE (__preinit_array_end = .)

.init_array     0x0000000008003750        0x4
                0x0000000008003750                PROVIDE (__init_array_start = .)
 *(SORT_BY_NAME(.init_array.*))
 *(.init_array*)
 .init_array    0x0000000008003750        0x4 /usr/lib/gcc/arm-none-eabi/12.2.0/thumb/v7-m/nofp/crtbegin.o
                0x0000000008003754                PROVIDE (__init_array_end = .)

.fini_array     0x0000000008003754        0x4
                0x0000000008003754                PROVIDE (__fini_array_start = .)
 *(SORT_BY_NAME(.fini_array.*))
 *(.fini_array*)
 .fini_array    0x0000000008003754        0x4 /usr/lib/gcc/arm-none-eabi/12.2.0/thumb/v7-m/nofp/crtbegin.o
                0x0000000008003758                PROVIDE (__fini_array_end = .)
                0x0000000008003758                _sidata = LOADADDR (.data)

.data           0x0000000020000000       0x60 load address 0x0000000008003758
                0x0000000020000000                . = ALIGN (0x4)
                0x0000000020000000                _sdata = .
 *(.data)
 *(.data*)
 .data.firstWrite.0
                0x0000000020000000        0x1 build/main.o
 .data.uwTickFreq
                0x0000000020000001        0x1 build/stm32f1xx_hal.o
                0x0000000020000001                uwTickFreq
 *fill*         0x0000000020000002        0x2 
 .data.uwTickPrio
                0x0000000020000004        0x4 build/stm32f1xx_hal.o
                0x0000000020000004                uwTickPrio
 .data.SystemCoreClock
                0x0000000020000008        0x4 build/system_stm32f1xx.o
                0x0000000020000008                SystemCoreClock
 .data.uxCriticalNesting
                0x000000002000000c        0x4 build/port.o
 .data._impure_ptr
                0x0000000020000010        0x4 /usr/lib/gcc/arm-none-eabi/12.2.0/../../../../arm-none-eabi/lib/thumb/v7-m/nofp/libc_nano.a(libc_a-impure.o)
                0x0000000020000010                _impure_ptr
 .data._impure_data
                0x0000000020000014       0x4c /usr/lib/gcc/arm-none-eabi/12.2.0/../../../../arm-none-eabi/lib/thumb/v7-m/nofp/libc_nano.a(libc_a-impure.o)
                0x0000000020000014                _impure_data
                0x0000000020000060                . = ALIGN (0x4)
                0x0000000020000060                _edata = .

.igot.plt       0x0000000020000060        0x0 load address 0x00000000080037b8
 .igot.plt      0x0000000020000060        0x0 /usr/lib/gcc/arm-none-eabi/12.2.0/thumb/v7-m/nofp/crtbegin.o
                0x0000000020000060                . = ALIGN (0x4)

.bss            0x0000000020000060     0x1418 load address 0x00000000080037b8
                0x0000000020000060                _sbss = .
                0x0000000020000060                __bss_start__ = _sbss
 *(.bss)
 *(.bss*)
 .bss.completed.1
                0x0000000020000060        0x1 /usr/lib/gcc/arm-none-eabi/12.2.0/thumb/v7-m/nofp/crtbegin.o
 *fill*         0x0000000020000061        0x3 
 .bss.object.0  0x0000000020000064       0x18 /usr/lib/gcc/arm-none-eabi/12.2.0/thumb/v7-m/nofp/crtbegin.o
 .bss.encoder_rotated
                0x000000002000007c        0x1 build/main.o
                0x000000002000007c                encoder_rotated
 *fill*         0x000000002000007d        0x3 
 .bss.encoder_counter
                0x0000000020000080        0x4 build/main.o
                0x0000000020000080                encoder_counter
 .bss.h_lcd     0x0000000020000084        0xc build/main.o
                0x0000000020000084                h_lcd
 .bss.LCD_TaskControlBlock
                0x0000000020000090       0x54 build/main.o
                0x0000000020000090                LCD_TaskControlBlock
 .bss.LCD_TaskBuffer
                0x00000000200000e4      0x200 build/main.o
                0x00000000200000e4                LCD_TaskBuffer
 .bss.lcdTaskHandle
                0x00000000200002e4        0x4 build/main.o
                0x00000000200002e4                lcdTaskHandle
 .bss.defaultTaskHandle
                0x00000000200002e8        0x4 build/main.o
                0x00000000200002e8                defaultTaskHandle
 .bss.hi2c1     0x00000000200002ec       0x54 build/main.o
                0x00000000200002ec                hi2c1
 .bss.xIdleStack
                0x0000000020000340      0x200 build/freertos.o
 .bss.xIdleTaskTCBBuffer
                0x0000000020000540       0x54 build/freertos.o
 .bss.htim1     0x0000000020000594       0x48 build/stm32f1xx_hal_timebase_tim.o
                0x0000000020000594                htim1
 .bss.uwTick    0x00000000200005dc        0x4 build/stm32f1xx_hal.o
                0x00000000200005dc                uwTick
 .bss.uxSchedulerSuspended
                0x00000000200005e0        0x4 build/tasks.o
 .bss.xIdleTaskHandle
                0x00000000200005e4        0x4 build/tasks.o
 .bss.xNextTaskUnblockTime
                0x00000000200005e8        0x4 build/tasks.o
 .bss.uxTaskNumber
                0x00000000200005ec        0x4 build/tasks.o
 .bss.xNumOfOverflows
                0x00000000200005f0        0x4 build/tasks.o
 .bss.xYieldPending
                0x00000000200005f4        0x4 build/tasks.o
 .bss.uxPendedTicks
                0x00000000200005f8        0x4 build/tasks.o
 .bss.xSchedulerRunning
                0x00000000200005fc        0x4 build/tasks.o
 .bss.uxTopReadyPriority
                0x0000000020000600        0x4 build/tasks.o
 .bss.xTickCount
                0x0000000020000604        0x4 build/tasks.o
 .bss.uxCurrentNumberOfTasks
                0x0000000020000608        0x4 build/tasks.o
 .bss.xSuspendedTaskList
                0x000000002000060c       0x14 build/tasks.o
 .bss.uxDeletedTasksWaitingCleanUp
                0x0000000020000620        0x4 build/tasks.o
 .bss.xTasksWaitingTermination
                0x0000000020000624       0x14 build/tasks.o
 .bss.xPendingReadyList
                0x0000000020000638       0x14 build/tasks.o
 .bss.pxOverflowDelayedTaskList
                0x000000002000064c        0x4 build/tasks.o
 .bss.pxDelayedTaskList
                0x0000000020000650        0x4 build/tasks.o
 .bss.xDelayedTaskList2
                0x0000000020000654       0x14 build/tasks.o
 .bss.xDelayedTaskList1
                0x0000000020000668       0x14 build/tasks.o
 .bss.pxReadyTasksLists
                0x000000002000067c       0x8c build/tasks.o
 .bss.pxCurrentTCB
                0x0000000020000708        0x4 build/tasks.o
                0x0000000020000708                pxCurrentTCB
 .bss.xBlockAllocatedBit
                0x000000002000070c        0x4 build/heap_4.o
 .bss.xMinimumEverFreeBytesRemaining
                0x0000000020000710        0x4 build/heap_4.o
 .bss.xFreeBytesRemaining
                0x0000000020000714        0x4 build/heap_4.o
 .bss.pxEnd     0x0000000020000718        0x4 build/heap_4.o
 .bss.xStart    0x000000002000071c        0x8 build/heap_4.o
 .bss.ucHeap    0x0000000020000724      0xc00 build/heap_4.o
 .bss.ulMaxPRIGROUPValue
                0x0000000020001324        0x4 build/port.o
 .bss.ucMaxSysCallPriority
                0x0000000020001328        0x1 build/port.o
 *fill*         0x0000000020001329        0x3 
 .bss.__sf      0x000000002000132c      0x138 /usr/lib/gcc/arm-none-eabi/12.2.0/../../../../arm-none-eabi/lib/thumb/v7-m/nofp/libc_nano.a(libc_a-findfp.o)
                0x000000002000132c                __sf
 .bss.errno     0x0000000020001464        0x4 /usr/lib/gcc/arm-none-eabi/12.2.0/../../../../arm-none-eabi/lib/thumb/v7-m/nofp/libc_nano.a(libc_a-reent.o)
                0x0000000020001464                errno
 .bss.__lock___malloc_recursive_mutex
                0x0000000020001468        0x1 /usr/lib/gcc/arm-none-eabi/12.2.0/../../../../arm-none-eabi/lib/thumb/v7-m/nofp/libc_nano.a(libc_a-lock.o)
                0x0000000020001468                __lock___malloc_recursive_mutex
 *fill*         0x0000000020001469        0x3 
 .bss.__malloc_sbrk_start
                0x000000002000146c        0x4 /usr/lib/gcc/arm-none-eabi/12.2.0/../../../../arm-none-eabi/lib/thumb/v7-m/nofp/libc_nano.a(libc_a-mallocr.o)
                0x000000002000146c                __malloc_sbrk_start
 .bss.__malloc_free_list
                0x0000000020001470        0x4 /usr/lib/gcc/arm-none-eabi/12.2.0/../../../../arm-none-eabi/lib/thumb/v7-m/nofp/libc_nano.a(libc_a-mallocr.o)
                0x0000000020001470                __malloc_free_list
 .bss.heap_end.0
                0x0000000020001474        0x4 /usr/lib/gcc/arm-none-eabi/12.2.0/../../../../arm-none-eabi/lib/thumb/v7-m/nofp/libnosys.a(sbrk.o)
 *(COMMON)
                0x0000000020001478                . = ALIGN (0x4)
                0x0000000020001478                _ebss = .
                0x0000000020001478                __bss_end__ = _ebss

._user_heap_stack
                0x0000000020001478      0x600 load address 0x00000000080037b8
                0x0000000020001478                . = ALIGN (0x8)
                0x0000000020001478                PROVIDE (end = .)
                [!provide]                        PROVIDE (_end = .)
                0x0000000020001678                . = (. + _Min_Heap_Size)
 *fill*         0x0000000020001478      0x200 
                0x0000000020001a78                . = (. + _Min_Stack_Size)
 *fill*         0x0000000020001678      0x400 
                0x0000000020001a78                . = ALIGN (0x8)

/DISCARD/
 libc.a(*)
 libm.a(*)
 libgcc.a(*)

.ARM.attributes
                0x0000000000000000       0x29
 *(.ARM.attributes)
 .ARM.attributes
                0x0000000000000000       0x1d /usr/lib/gcc/arm-none-eabi/12.2.0/thumb/v7-m/nofp/crti.o
 .ARM.attributes
                0x000000000000001d       0x2d /usr/lib/gcc/arm-none-eabi/12.2.0/thumb/v7-m/nofp/crtbegin.o
 .ARM.attributes
                0x000000000000004a       0x2d build/main.o
 .ARM.attributes
                0x0000000000000077       0x2d build/freertos.o
 .ARM.attributes
                0x00000000000000a4       0x2d build/stm32f1xx_it.o
 .ARM.attributes
                0x00000000000000d1       0x2d build/stm32f1xx_hal_msp.o
 .ARM.attributes
                0x00000000000000fe       0x2d build/stm32f1xx_hal_timebase_tim.o
 .ARM.attributes
                0x000000000000012b       0x2d build/i2c_lcd.o
 .ARM.attributes
                0x0000000000000158       0x2d build/stm32f1xx_hal.o
 .ARM.attributes
                0x0000000000000185       0x2d build/stm32f1xx_hal_rcc.o
 .ARM.attributes
                0x00000000000001b2       0x2d build/stm32f1xx_hal_gpio.o
 .ARM.attributes
                0x00000000000001df       0x2d build/stm32f1xx_hal_cortex.o
 .ARM.attributes
                0x000000000000020c       0x2d build/stm32f1xx_hal_tim.o
 .ARM.attributes
                0x0000000000000239       0x2d build/stm32f1xx_hal_tim_ex.o
 .ARM.attributes
                0x0000000000000266       0x2d build/system_stm32f1xx.o
 .ARM.attributes
                0x0000000000000293       0x2d build/list.o
 .ARM.attributes
                0x00000000000002c0       0x2d build/tasks.o
 .ARM.attributes
                0x00000000000002ed       0x2d build/cmsis_os.o
 .ARM.attributes
                0x000000000000031a       0x2d build/heap_4.o
 .ARM.attributes
                0x0000000000000347       0x2d build/port.o
 .ARM.attributes
                0x0000000000000374       0x2d build/stm32f1xx_hal_i2c.o
 .ARM.attributes
                0x00000000000003a1       0x21 build/startup_stm32f103xb.o
 .ARM.attributes
                0x00000000000003c2       0x2d /usr/lib/gcc/arm-none-eabi/12.2.0/../../../../arm-none-eabi/lib/thumb/v7-m/nofp/libc_nano.a(libc_a-findfp.o)
 .ARM.attributes
                0x00000000000003ef       0x2d /usr/lib/gcc/arm-none-eabi/12.2.0/../../../../arm-none-eabi/lib/thumb/v7-m/nofp/libc_nano.a(libc_a-sprintf.o)
 .ARM.attributes
                0x000000000000041c       0x2d /usr/lib/gcc/arm-none-eabi/12.2.0/../../../../arm-none-eabi/lib/thumb/v7-m/nofp/libc_nano.a(libc_a-memset.o)
 .ARM.attributes
                0x0000000000000449       0x2d /usr/lib/gcc/arm-none-eabi/12.2.0/../../../../arm-none-eabi/lib/thumb/v7-m/nofp/libc_nano.a(libc_a-reent.o)
 .ARM.attributes
                0x0000000000000476       0x2d /usr/lib/gcc/arm-none-eabi/12.2.0/../../../../arm-none-eabi/lib/thumb/v7-m/nofp/libc_nano.a(libc_a-impure.o)
 .ARM.attributes
                0x00000000000004a3       0x2d /usr/lib/gcc/arm-none-eabi/12.2.0/../../../../arm-none-eabi/lib/thumb/v7-m/nofp/libc_nano.a(libc_a-init.o)
 .ARM.attributes
                0x00000000000004d0       0x2d /usr/lib/gcc/arm-none-eabi/12.2.0/../../../../arm-none-eabi/lib/thumb/v7-m/nofp/libc_nano.a(libc_a-lock.o)
 .ARM.attributes
                0x00000000000004fd       0x2d /usr/lib/gcc/arm-none-eabi/12.2.0/../../../../arm-none-eabi/lib/thumb/v7-m/nofp/libc_nano.a(libc_a-memcpy-stub.o)
 .ARM.attributes
                0x000000000000052a       0x2d /usr/lib/gcc/arm-none-eabi/12.2.0/../../../../arm-none-eabi/lib/thumb/v7-m/nofp/libc_nano.a(libc_a-freer.o)
 .ARM.attributes
                0x0000000000000557       0x2d /usr/lib/gcc/arm-none-eabi/12.2.0/../../../../arm-none-eabi/lib/thumb/v7-m/nofp/libc_nano.a(libc_a-mallocr.o)
 .ARM.attributes
                0x0000000000000584       0x2d /usr/lib/gcc/arm-none-eabi/12.2.0/../../../../arm-none-eabi/lib/thumb/v7-m/nofp/libc_nano.a(libc_a-mlock.o)
 .ARM.attributes
                0x00000000000005b1       0x2d /usr/lib/gcc/arm-none-eabi/12.2.0/../../../../arm-none-eabi/lib/thumb/v7-m/nofp/libc_nano.a(libc_a-nano-svfprintf.o)
 .ARM.attributes
                0x00000000000005de       0x2d /usr/lib/gcc/arm-none-eabi/12.2.0/../../../../arm-none-eabi/lib/thumb/v7-m/nofp/libc_nano.a(libc_a-nano-vfprintf_i.o)
 .ARM.attributes
                0x000000000000060b       0x2d /usr/lib/gcc/arm-none-eabi/12.2.0/../../../../arm-none-eabi/lib/thumb/v7-m/nofp/libc_nano.a(libc_a-memmove.o)
 .ARM.attributes
                0x0000000000000638       0x2d /usr/lib/gcc/arm-none-eabi/12.2.0/../../../../arm-none-eabi/lib/thumb/v7-m/nofp/libc_nano.a(libc_a-sbrkr.o)
 .ARM.attributes
                0x0000000000000665       0x2d /usr/lib/gcc/arm-none-eabi/12.2.0/../../../../arm-none-eabi/lib/thumb/v7-m/nofp/libc_nano.a(libc_a-memchr-stub.o)
 .ARM.attributes
                0x0000000000000692       0x2d /usr/lib/gcc/arm-none-eabi/12.2.0/../../../../arm-none-eabi/lib/thumb/v7-m/nofp/libc_nano.a(libc_a-reallocr.o)
 .ARM.attributes
                0x00000000000006bf       0x2d /usr/lib/gcc/arm-none-eabi/12.2.0/../../../../arm-none-eabi/lib/thumb/v7-m/nofp/libc_nano.a(libc_a-msizer.o)
 .ARM.attributes
                0x00000000000006ec       0x2d /usr/lib/gcc/arm-none-eabi/12.2.0/../../../../arm-none-eabi/lib/thumb/v7-m/nofp/libnosys.a(sbrk.o)
 .ARM.attributes
                0x0000000000000719       0x1d /usr/lib/gcc/arm-none-eabi/12.2.0/thumb/v7-m/nofp/crtn.o
OUTPUT(build/Encoder_Demo.elf elf32-littlearm)
LOAD linker stubs
LOAD /usr/lib/gcc/arm-none-eabi/12.2.0/../../../../arm-none-eabi/lib/thumb/v7-m/nofp/libc.a
LOAD /usr/lib/gcc/arm-none-eabi/12.2.0/../../../../arm-none-eabi/lib/thumb/v7-m/nofp/libm.a
LOAD /usr/lib/gcc/arm-none-eabi/12.2.0/thumb/v7-m/nofp/libgcc.a

.debug_info     0x0000000000000000    0x1ecdf
 .debug_info    0x0000000000000000     0x1aff build/main.o
 .debug_info    0x0000000000001aff      0x2c1 build/freertos.o
 .debug_info    0x0000000000001dc0      0x7ae build/stm32f1xx_it.o
 .debug_info    0x000000000000256e      0xb63 build/stm32f1xx_hal_msp.o
 .debug_info    0x00000000000030d1      0xb3a build/stm32f1xx_hal_timebase_tim.o
 .debug_info    0x0000000000003c0b     0x1257 build/i2c_lcd.o
 .debug_info    0x0000000000004e62      0x880 build/stm32f1xx_hal.o
 .debug_info    0x00000000000056e2      0xb07 build/stm32f1xx_hal_rcc.o
 .debug_info    0x00000000000061e9      0x6d7 build/stm32f1xx_hal_gpio.o
 .debug_info    0x00000000000068c0      0xe13 build/stm32f1xx_hal_cortex.o
 .debug_info    0x00000000000076d3     0x3e57 build/stm32f1xx_hal_tim.o
 .debug_info    0x000000000000b52a     0x1c4f build/stm32f1xx_hal_tim_ex.o
 .debug_info    0x000000000000d179      0x26e build/system_stm32f1xx.o
 .debug_info    0x000000000000d3e7      0x309 build/list.o
 .debug_info    0x000000000000d6f0     0x29e4 build/tasks.o
 .debug_info    0x00000000000100d4     0x26b0 build/cmsis_os.o
 .debug_info    0x0000000000012784      0x493 build/heap_4.o
 .debug_info    0x0000000000012c17      0x563 build/port.o
 .debug_info    0x000000000001317a     0x3c84 build/stm32f1xx_hal_i2c.o
 .debug_info    0x0000000000016dfe       0x30 build/startup_stm32f103xb.o
 .debug_info    0x0000000000016e2e      0xfa9 /usr/lib/gcc/arm-none-eabi/12.2.0/../../../../arm-none-eabi/lib/thumb/v7-m/nofp/libc_nano.a(libc_a-findfp.o)
 .debug_info    0x0000000000017dd7      0x87f /usr/lib/gcc/arm-none-eabi/12.2.0/../../../../arm-none-eabi/lib/thumb/v7-m/nofp/libc_nano.a(libc_a-sprintf.o)
 .debug_info    0x0000000000018656       0xe0 /usr/lib/gcc/arm-none-eabi/12.2.0/../../../../arm-none-eabi/lib/thumb/v7-m/nofp/libc_nano.a(libc_a-memset.o)
 .debug_info    0x0000000000018736      0x855 /usr/lib/gcc/arm-none-eabi/12.2.0/../../../../arm-none-eabi/lib/thumb/v7-m/nofp/libc_nano.a(libc_a-reent.o)
 .debug_info    0x0000000000018f8b      0x715 /usr/lib/gcc/arm-none-eabi/12.2.0/../../../../arm-none-eabi/lib/thumb/v7-m/nofp/libc_nano.a(libc_a-impure.o)
 .debug_info    0x00000000000196a0      0x10b /usr/lib/gcc/arm-none-eabi/12.2.0/../../../../arm-none-eabi/lib/thumb/v7-m/nofp/libc_nano.a(libc_a-init.o)
 .debug_info    0x00000000000197ab      0x20a /usr/lib/gcc/arm-none-eabi/12.2.0/../../../../arm-none-eabi/lib/thumb/v7-m/nofp/libc_nano.a(libc_a-lock.o)
 .debug_info    0x00000000000199b5      0x121 /usr/lib/gcc/arm-none-eabi/12.2.0/../../../../arm-none-eabi/lib/thumb/v7-m/nofp/libc_nano.a(libc_a-memcpy-stub.o)
 .debug_info    0x0000000000019ad6      0x84b /usr/lib/gcc/arm-none-eabi/12.2.0/../../../../arm-none-eabi/lib/thumb/v7-m/nofp/libc_nano.a(libc_a-freer.o)
 .debug_info    0x000000000001a321      0x9b6 /usr/lib/gcc/arm-none-eabi/12.2.0/../../../../arm-none-eabi/lib/thumb/v7-m/nofp/libc_nano.a(libc_a-mallocr.o)
 .debug_info    0x000000000001acd7      0x76b /usr/lib/gcc/arm-none-eabi/12.2.0/../../../../arm-none-eabi/lib/thumb/v7-m/nofp/libc_nano.a(libc_a-mlock.o)
 .debug_info    0x000000000001b442     0x10c5 /usr/lib/gcc/arm-none-eabi/12.2.0/../../../../arm-none-eabi/lib/thumb/v7-m/nofp/libc_nano.a(libc_a-nano-svfprintf.o)
 .debug_info    0x000000000001c507      0xde2 /usr/lib/gcc/arm-none-eabi/12.2.0/../../../../arm-none-eabi/lib/thumb/v7-m/nofp/libc_nano.a(libc_a-nano-vfprintf_i.o)
 .debug_info    0x000000000001d2e9      0x10f /usr/lib/gcc/arm-none-eabi/12.2.0/../../../../arm-none-eabi/lib/thumb/v7-m/nofp/libc_nano.a(libc_a-memmove.o)
 .debug_info    0x000000000001d3f8      0x77c /usr/lib/gcc/arm-none-eabi/12.2.0/../../../../arm-none-eabi/lib/thumb/v7-m/nofp/libc_nano.a(libc_a-sbrkr.o)
 .debug_info    0x000000000001db74      0x110 /usr/lib/gcc/arm-none-eabi/12.2.0/../../../../arm-none-eabi/lib/thumb/v7-m/nofp/libc_nano.a(libc_a-memchr-stub.o)
 .debug_info    0x000000000001dc84      0x8c7 /usr/lib/gcc/arm-none-eabi/12.2.0/../../../../arm-none-eabi/lib/thumb/v7-m/nofp/libc_nano.a(libc_a-reallocr.o)
 .debug_info    0x000000000001e54b      0x794 /usr/lib/gcc/arm-none-eabi/12.2.0/../../../../arm-none-eabi/lib/thumb/v7-m/nofp/libc_nano.a(libc_a-msizer.o)

.debug_abbrev   0x0000000000000000     0x4ee4
 .debug_abbrev  0x0000000000000000      0x388 build/main.o
 .debug_abbrev  0x0000000000000388       0xe6 build/freertos.o
 .debug_abbrev  0x000000000000046e      0x1a9 build/stm32f1xx_it.o
 .debug_abbrev  0x0000000000000617      0x1e3 build/stm32f1xx_hal_msp.o
 .debug_abbrev  0x00000000000007fa      0x22d build/stm32f1xx_hal_timebase_tim.o
 .debug_abbrev  0x0000000000000a27      0x275 build/i2c_lcd.o
 .debug_abbrev  0x0000000000000c9c      0x232 build/stm32f1xx_hal.o
 .debug_abbrev  0x0000000000000ece      0x2b8 build/stm32f1xx_hal_rcc.o
 .debug_abbrev  0x0000000000001186      0x222 build/stm32f1xx_hal_gpio.o
 .debug_abbrev  0x00000000000013a8      0x3aa build/stm32f1xx_hal_cortex.o
 .debug_abbrev  0x0000000000001752      0x2b6 build/stm32f1xx_hal_tim.o
 .debug_abbrev  0x0000000000001a08      0x2b0 build/stm32f1xx_hal_tim_ex.o
 .debug_abbrev  0x0000000000001cb8      0x140 build/system_stm32f1xx.o
 .debug_abbrev  0x0000000000001df8      0x124 build/list.o
 .debug_abbrev  0x0000000000001f1c      0x3f0 build/tasks.o
 .debug_abbrev  0x000000000000230c      0x3f2 build/cmsis_os.o
 .debug_abbrev  0x00000000000026fe      0x267 build/heap_4.o
 .debug_abbrev  0x0000000000002965      0x2c2 build/port.o
 .debug_abbrev  0x0000000000002c27      0x31e build/stm32f1xx_hal_i2c.o
 .debug_abbrev  0x0000000000002f45       0x1d build/startup_stm32f103xb.o
 .debug_abbrev  0x0000000000002f62      0x424 /usr/lib/gcc/arm-none-eabi/12.2.0/../../../../arm-none-eabi/lib/thumb/v7-m/nofp/libc_nano.a(libc_a-findfp.o)
 .debug_abbrev  0x0000000000003386      0x21c /usr/lib/gcc/arm-none-eabi/12.2.0/../../../../arm-none-eabi/lib/thumb/v7-m/nofp/libc_nano.a(libc_a-sprintf.o)
 .debug_abbrev  0x00000000000035a2       0x9e /usr/lib/gcc/arm-none-eabi/12.2.0/../../../../arm-none-eabi/lib/thumb/v7-m/nofp/libc_nano.a(libc_a-memset.o)
 .debug_abbrev  0x0000000000003640      0x1ed /usr/lib/gcc/arm-none-eabi/12.2.0/../../../../arm-none-eabi/lib/thumb/v7-m/nofp/libc_nano.a(libc_a-reent.o)
 .debug_abbrev  0x000000000000382d      0x149 /usr/lib/gcc/arm-none-eabi/12.2.0/../../../../arm-none-eabi/lib/thumb/v7-m/nofp/libc_nano.a(libc_a-impure.o)
 .debug_abbrev  0x0000000000003976       0xc9 /usr/lib/gcc/arm-none-eabi/12.2.0/../../../../arm-none-eabi/lib/thumb/v7-m/nofp/libc_nano.a(libc_a-init.o)
 .debug_abbrev  0x0000000000003a3f      0x115 /usr/lib/gcc/arm-none-eabi/12.2.0/../../../../arm-none-eabi/lib/thumb/v7-m/nofp/libc_nano.a(libc_a-lock.o)
 .debug_abbrev  0x0000000000003b54       0xc1 /usr/lib/gcc/arm-none-eabi/12.2.0/../../../../arm-none-eabi/lib/thumb/v7-m/nofp/libc_nano.a(libc_a-memcpy-stub.o)
 .debug_abbrev  0x0000000000003c15      0x236 /usr/lib/gcc/arm-none-eabi/12.2.0/../../../../arm-none-eabi/lib/thumb/v7-m/nofp/libc_nano.a(libc_a-freer.o)
 .debug_abbrev  0x0000000000003e4b      0x24a /usr/lib/gcc/arm-none-eabi/12.2.0/../../../../arm-none-eabi/lib/thumb/v7-m/nofp/libc_nano.a(libc_a-mallocr.o)
 .debug_abbrev  0x0000000000004095      0x1bf /usr/lib/gcc/arm-none-eabi/12.2.0/../../../../arm-none-eabi/lib/thumb/v7-m/nofp/libc_nano.a(libc_a-mlock.o)
 .debug_abbrev  0x0000000000004254      0x31e /usr/lib/gcc/arm-none-eabi/12.2.0/../../../../arm-none-eabi/lib/thumb/v7-m/nofp/libc_nano.a(libc_a-nano-svfprintf.o)
 .debug_abbrev  0x0000000000004572      0x28e /usr/lib/gcc/arm-none-eabi/12.2.0/../../../../arm-none-eabi/lib/thumb/v7-m/nofp/libc_nano.a(libc_a-nano-vfprintf_i.o)
 .debug_abbrev  0x0000000000004800       0xac /usr/lib/gcc/arm-none-eabi/12.2.0/../../../../arm-none-eabi/lib/thumb/v7-m/nofp/libc_nano.a(libc_a-memmove.o)
 .debug_abbrev  0x00000000000048ac      0x1da /usr/lib/gcc/arm-none-eabi/12.2.0/../../../../arm-none-eabi/lib/thumb/v7-m/nofp/libc_nano.a(libc_a-sbrkr.o)
 .debug_abbrev  0x0000000000004a86       0xb1 /usr/lib/gcc/arm-none-eabi/12.2.0/../../../../arm-none-eabi/lib/thumb/v7-m/nofp/libc_nano.a(libc_a-memchr-stub.o)
 .debug_abbrev  0x0000000000004b37      0x217 /usr/lib/gcc/arm-none-eabi/12.2.0/../../../../arm-none-eabi/lib/thumb/v7-m/nofp/libc_nano.a(libc_a-reallocr.o)
 .debug_abbrev  0x0000000000004d4e      0x196 /usr/lib/gcc/arm-none-eabi/12.2.0/../../../../arm-none-eabi/lib/thumb/v7-m/nofp/libc_nano.a(libc_a-msizer.o)

.debug_loc      0x0000000000000000    0x12c45
 .debug_loc     0x0000000000000000      0x329 build/main.o
 .debug_loc     0x0000000000000329       0x40 build/stm32f1xx_it.o
 .debug_loc     0x0000000000000369      0x118 build/stm32f1xx_hal_msp.o
 .debug_loc     0x0000000000000481      0x107 build/stm32f1xx_hal_timebase_tim.o
 .debug_loc     0x0000000000000588      0xd3b build/i2c_lcd.o
 .debug_loc     0x00000000000012c3      0x1e1 build/stm32f1xx_hal.o
 .debug_loc     0x00000000000014a4      0x7ee build/stm32f1xx_hal_rcc.o
 .debug_loc     0x0000000000001c92      0x53c build/stm32f1xx_hal_gpio.o
 .debug_loc     0x00000000000021ce      0x782 build/stm32f1xx_hal_cortex.o
 .debug_loc     0x0000000000002950     0x5358 build/stm32f1xx_hal_tim.o
 .debug_loc     0x0000000000007ca8     0x1efa build/stm32f1xx_hal_tim_ex.o
 .debug_loc     0x0000000000009ba2       0xff build/system_stm32f1xx.o
 .debug_loc     0x0000000000009ca1       0xe5 build/list.o
 .debug_loc     0x0000000000009d86     0x2159 build/tasks.o
 .debug_loc     0x000000000000bedf     0x1a35 build/cmsis_os.o
 .debug_loc     0x000000000000d914      0x3ed build/heap_4.o
 .debug_loc     0x000000000000dd01      0x16c build/port.o
 .debug_loc     0x000000000000de6d     0x4dd8 build/stm32f1xx_hal_i2c.o

.debug_aranges  0x0000000000000000     0x1450
 .debug_aranges
                0x0000000000000000       0x68 build/main.o
 .debug_aranges
                0x0000000000000068       0x28 build/freertos.o
 .debug_aranges
                0x0000000000000090       0x58 build/stm32f1xx_it.o
 .debug_aranges
                0x00000000000000e8       0x30 build/stm32f1xx_hal_msp.o
 .debug_aranges
                0x0000000000000118       0x30 build/stm32f1xx_hal_timebase_tim.o
 .debug_aranges
                0x0000000000000148       0xc8 build/i2c_lcd.o
 .debug_aranges
                0x0000000000000210       0xe0 build/stm32f1xx_hal.o
 .debug_aranges
                0x00000000000002f0       0x90 build/stm32f1xx_hal_rcc.o
 .debug_aranges
                0x0000000000000380       0x58 build/stm32f1xx_hal_gpio.o
 .debug_aranges
                0x00000000000003d8       0xc0 build/stm32f1xx_hal_cortex.o
 .debug_aranges
                0x0000000000000498      0x3d0 build/stm32f1xx_hal_tim.o
 .debug_aranges
                0x0000000000000868      0x168 build/stm32f1xx_hal_tim_ex.o
 .debug_aranges
                0x00000000000009d0       0x28 build/system_stm32f1xx.o
 .debug_aranges
                0x00000000000009f8       0x40 build/list.o
 .debug_aranges
                0x0000000000000a38      0x1a8 build/tasks.o
 .debug_aranges
                0x0000000000000be0      0x1d8 build/cmsis_os.o
 .debug_aranges
                0x0000000000000db8       0x50 build/heap_4.o
 .debug_aranges
                0x0000000000000e08       0x78 build/port.o
 .debug_aranges
                0x0000000000000e80      0x2a0 build/stm32f1xx_hal_i2c.o
 .debug_aranges
                0x0000000000001120       0x28 build/startup_stm32f103xb.o
 .debug_aranges
                0x0000000000001148       0x78 /usr/lib/gcc/arm-none-eabi/12.2.0/../../../../arm-none-eabi/lib/thumb/v7-m/nofp/libc_nano.a(libc_a-findfp.o)
 .debug_aranges
                0x00000000000011c0       0x28 /usr/lib/gcc/arm-none-eabi/12.2.0/../../../../arm-none-eabi/lib/thumb/v7-m/nofp/libc_nano.a(libc_a-sprintf.o)
 .debug_aranges
                0x00000000000011e8       0x20 /usr/lib/gcc/arm-none-eabi/12.2.0/../../../../arm-none-eabi/lib/thumb/v7-m/nofp/libc_nano.a(libc_a-memset.o)
 .debug_aranges
                0x0000000000001208       0x20 /usr/lib/gcc/arm-none-eabi/12.2.0/../../../../arm-none-eabi/lib/thumb/v7-m/nofp/libc_nano.a(libc_a-reent.o)
 .debug_aranges
                0x0000000000001228       0x18 /usr/lib/gcc/arm-none-eabi/12.2.0/../../../../arm-none-eabi/lib/thumb/v7-m/nofp/libc_nano.a(libc_a-impure.o)
 .debug_aranges
                0x0000000000001240       0x20 /usr/lib/gcc/arm-none-eabi/12.2.0/../../../../arm-none-eabi/lib/thumb/v7-m/nofp/libc_nano.a(libc_a-init.o)
 .debug_aranges
                0x0000000000001260       0x68 /usr/lib/gcc/arm-none-eabi/12.2.0/../../../../arm-none-eabi/lib/thumb/v7-m/nofp/libc_nano.a(libc_a-lock.o)
 .debug_aranges
                0x00000000000012c8       0x20 /usr/lib/gcc/arm-none-eabi/12.2.0/../../../../arm-none-eabi/lib/thumb/v7-m/nofp/libc_nano.a(libc_a-memcpy-stub.o)
 .debug_aranges
                0x00000000000012e8       0x20 /usr/lib/gcc/arm-none-eabi/12.2.0/../../../../arm-none-eabi/lib/thumb/v7-m/nofp/libc_nano.a(libc_a-freer.o)
 .debug_aranges
                0x0000000000001308       0x28 /usr/lib/gcc/arm-none-eabi/12.2.0/../../../../arm-none-eabi/lib/thumb/v7-m/nofp/libc_nano.a(libc_a-mallocr.o)
 .debug_aranges
                0x0000000000001330       0x28 /usr/lib/gcc/arm-none-eabi/12.2.0/../../../../arm-none-eabi/lib/thumb/v7-m/nofp/libc_nano.a(libc_a-mlock.o)
 .debug_aranges
                0x0000000000001358       0x30 /usr/lib/gcc/arm-none-eabi/12.2.0/../../../../arm-none-eabi/lib/thumb/v7-m/nofp/libc_nano.a(libc_a-nano-svfprintf.o)
 .debug_aranges
                0x0000000000001388       0x28 /usr/lib/gcc/arm-none-eabi/12.2.0/../../../../arm-none-eabi/lib/thumb/v7-m/nofp/libc_nano.a(libc_a-nano-vfprintf_i.o)
 .debug_aranges
                0x00000000000013b0       0x20 /usr/lib/gcc/arm-none-eabi/12.2.0/../../../../arm-none-eabi/lib/thumb/v7-m/nofp/libc_nano.a(libc_a-memmove.o)
 .debug_aranges
                0x00000000000013d0       0x20 /usr/lib/gcc/arm-none-eabi/12.2.0/../../../../arm-none-eabi/lib/thumb/v7-m/nofp/libc_nano.a(libc_a-sbrkr.o)
 .debug_aranges
                0x00000000000013f0       0x20 /usr/lib/gcc/arm-none-eabi/12.2.0/../../../../arm-none-eabi/lib/thumb/v7-m/nofp/libc_nano.a(libc_a-memchr-stub.o)
 .debug_aranges
                0x0000000000001410       0x20 /usr/lib/gcc/arm-none-eabi/12.2.0/../../../../arm-none-eabi/lib/thumb/v7-m/nofp/libc_nano.a(libc_a-reallocr.o)
 .debug_aranges
                0x0000000000001430       0x20 /usr/lib/gcc/arm-none-eabi/12.2.0/../../../../arm-none-eabi/lib/thumb/v7-m/nofp/libc_nano.a(libc_a-msizer.o)

.debug_ranges   0x0000000000000000     0x1118
 .debug_ranges  0x0000000000000000       0x58 build/main.o
 .debug_ranges  0x0000000000000058       0x18 build/freertos.o
 .debug_ranges  0x0000000000000070       0x48 build/stm32f1xx_it.o
 .debug_ranges  0x00000000000000b8       0x20 build/stm32f1xx_hal_msp.o
 .debug_ranges  0x00000000000000d8       0x20 build/stm32f1xx_hal_timebase_tim.o
 .debug_ranges  0x00000000000000f8       0xb8 build/i2c_lcd.o
 .debug_ranges  0x00000000000001b0       0xd0 build/stm32f1xx_hal.o
 .debug_ranges  0x0000000000000280       0xa0 build/stm32f1xx_hal_rcc.o
 .debug_ranges  0x0000000000000320       0x48 build/stm32f1xx_hal_gpio.o
 .debug_ranges  0x0000000000000368       0xb0 build/stm32f1xx_hal_cortex.o
 .debug_ranges  0x0000000000000418      0x3c0 build/stm32f1xx_hal_tim.o
 .debug_ranges  0x00000000000007d8      0x158 build/stm32f1xx_hal_tim_ex.o
 .debug_ranges  0x0000000000000930       0x18 build/system_stm32f1xx.o
 .debug_ranges  0x0000000000000948       0x30 build/list.o
 .debug_ranges  0x0000000000000978      0x268 build/tasks.o
 .debug_ranges  0x0000000000000be0      0x1c8 build/cmsis_os.o
 .debug_ranges  0x0000000000000da8       0x40 build/heap_4.o
 .debug_ranges  0x0000000000000de8       0x68 build/port.o
 .debug_ranges  0x0000000000000e50      0x2a8 build/stm32f1xx_hal_i2c.o
 .debug_ranges  0x00000000000010f8       0x20 build/startup_stm32f103xb.o

.debug_line     0x0000000000000000    0x15c19
 .debug_line    0x0000000000000000      0x628 build/main.o
 .debug_line    0x0000000000000628      0x161 build/freertos.o
 .debug_line    0x0000000000000789      0x252 build/stm32f1xx_it.o
 .debug_line    0x00000000000009db      0x226 build/stm32f1xx_hal_msp.o
 .debug_line    0x0000000000000c01      0x26e build/stm32f1xx_hal_timebase_tim.o
 .debug_line    0x0000000000000e6f      0x7ac build/i2c_lcd.o
 .debug_line    0x000000000000161b      0x4b6 build/stm32f1xx_hal.o
 .debug_line    0x0000000000001ad1      0xbac build/stm32f1xx_hal_rcc.o
 .debug_line    0x000000000000267d      0x533 build/stm32f1xx_hal_gpio.o
 .debug_line    0x0000000000002bb0      0x659 build/stm32f1xx_hal_cortex.o
 .debug_line    0x0000000000003209     0x4576 build/stm32f1xx_hal_tim.o
 .debug_line    0x000000000000777f     0x1b63 build/stm32f1xx_hal_tim_ex.o
 .debug_line    0x00000000000092e2      0x1ce build/system_stm32f1xx.o
 .debug_line    0x00000000000094b0      0x2fc build/list.o
 .debug_line    0x00000000000097ac     0x217c build/tasks.o
 .debug_line    0x000000000000b928     0x1170 build/cmsis_os.o
 .debug_line    0x000000000000ca98      0x5b7 build/heap_4.o
 .debug_line    0x000000000000d04f      0x57c build/port.o
 .debug_line    0x000000000000d5cb     0x54e4 build/stm32f1xx_hal_i2c.o
 .debug_line    0x0000000000012aaf       0x75 build/startup_stm32f103xb.o
 .debug_line    0x0000000000012b24      0x558 /usr/lib/gcc/arm-none-eabi/12.2.0/../../../../arm-none-eabi/lib/thumb/v7-m/nofp/libc_nano.a(libc_a-findfp.o)
 .debug_line    0x000000000001307c      0x257 /usr/lib/gcc/arm-none-eabi/12.2.0/../../../../arm-none-eabi/lib/thumb/v7-m/nofp/libc_nano.a(libc_a-sprintf.o)
 .debug_line    0x00000000000132d3      0x123 /usr/lib/gcc/arm-none-eabi/12.2.0/../../../../arm-none-eabi/lib/thumb/v7-m/nofp/libc_nano.a(libc_a-memset.o)
 .debug_line    0x00000000000133f6      0x276 /usr/lib/gcc/arm-none-eabi/12.2.0/../../../../arm-none-eabi/lib/thumb/v7-m/nofp/libc_nano.a(libc_a-reent.o)
 .debug_line    0x000000000001366c      0x108 /usr/lib/gcc/arm-none-eabi/12.2.0/../../../../arm-none-eabi/lib/thumb/v7-m/nofp/libc_nano.a(libc_a-impure.o)
 .debug_line    0x0000000000013774      0x12a /usr/lib/gcc/arm-none-eabi/12.2.0/../../../../arm-none-eabi/lib/thumb/v7-m/nofp/libc_nano.a(libc_a-init.o)
 .debug_line    0x000000000001389e      0x17d /usr/lib/gcc/arm-none-eabi/12.2.0/../../../../arm-none-eabi/lib/thumb/v7-m/nofp/libc_nano.a(libc_a-lock.o)
 .debug_line    0x0000000000013a1b      0x196 /usr/lib/gcc/arm-none-eabi/12.2.0/../../../../arm-none-eabi/lib/thumb/v7-m/nofp/libc_nano.a(libc_a-memcpy-stub.o)
 .debug_line    0x0000000000013bb1      0x2bb /usr/lib/gcc/arm-none-eabi/12.2.0/../../../../arm-none-eabi/lib/thumb/v7-m/nofp/libc_nano.a(libc_a-freer.o)
 .debug_line    0x0000000000013e6c      0x486 /usr/lib/gcc/arm-none-eabi/12.2.0/../../../../arm-none-eabi/lib/thumb/v7-m/nofp/libc_nano.a(libc_a-mallocr.o)
 .debug_line    0x00000000000142f2      0x18a /usr/lib/gcc/arm-none-eabi/12.2.0/../../../../arm-none-eabi/lib/thumb/v7-m/nofp/libc_nano.a(libc_a-mlock.o)
 .debug_line    0x000000000001447c      0x822 /usr/lib/gcc/arm-none-eabi/12.2.0/../../../../arm-none-eabi/lib/thumb/v7-m/nofp/libc_nano.a(libc_a-nano-svfprintf.o)
 .debug_line    0x0000000000014c9e      0x721 /usr/lib/gcc/arm-none-eabi/12.2.0/../../../../arm-none-eabi/lib/thumb/v7-m/nofp/libc_nano.a(libc_a-nano-vfprintf_i.o)
 .debug_line    0x00000000000153bf      0x160 /usr/lib/gcc/arm-none-eabi/12.2.0/../../../../arm-none-eabi/lib/thumb/v7-m/nofp/libc_nano.a(libc_a-memmove.o)
 .debug_line    0x000000000001551f      0x1b8 /usr/lib/gcc/arm-none-eabi/12.2.0/../../../../arm-none-eabi/lib/thumb/v7-m/nofp/libc_nano.a(libc_a-sbrkr.o)
 .debug_line    0x00000000000156d7      0x18d /usr/lib/gcc/arm-none-eabi/12.2.0/../../../../arm-none-eabi/lib/thumb/v7-m/nofp/libc_nano.a(libc_a-memchr-stub.o)
 .debug_line    0x0000000000015864      0x213 /usr/lib/gcc/arm-none-eabi/12.2.0/../../../../arm-none-eabi/lib/thumb/v7-m/nofp/libc_nano.a(libc_a-reallocr.o)
 .debug_line    0x0000000000015a77      0x1a2 /usr/lib/gcc/arm-none-eabi/12.2.0/../../../../arm-none-eabi/lib/thumb/v7-m/nofp/libc_nano.a(libc_a-msizer.o)

.debug_str      0x0000000000000000     0x67ed
 .debug_str     0x0000000000000000     0x12f6 build/main.o
                                       0x13f9 (size before relaxing)
 .debug_str     0x00000000000012f6       0x9f build/freertos.o
                                        0x2eb (size before relaxing)
 .debug_str     0x0000000000001395       0xd3 build/stm32f1xx_it.o
                                        0x6f1 (size before relaxing)
 .debug_str     0x0000000000001468       0x89 build/stm32f1xx_hal_msp.o
                                        0x9eb (size before relaxing)
 .debug_str     0x00000000000014f1       0xee build/stm32f1xx_hal_timebase_tim.o
                                        0xae0 (size before relaxing)
 .debug_str     0x00000000000015df      0x221 build/i2c_lcd.o
                                        0x943 (size before relaxing)
 .debug_str     0x0000000000001800      0x2bb build/stm32f1xx_hal.o
                                        0x802 (size before relaxing)
 .debug_str     0x0000000000001abb      0x1d7 build/stm32f1xx_hal_rcc.o
                                        0x5ff (size before relaxing)
 .debug_str     0x0000000000001c92       0xbd build/stm32f1xx_hal_gpio.o
                                        0x3d4 (size before relaxing)
 .debug_str     0x0000000000001d4f      0x39c build/stm32f1xx_hal_cortex.o
                                        0x8a7 (size before relaxing)
 .debug_str     0x00000000000020eb      0xf07 build/stm32f1xx_hal_tim.o
                                       0x1642 (size before relaxing)
 .debug_str     0x0000000000002ff2      0x55b build/stm32f1xx_hal_tim_ex.o
                                        0xe5e (size before relaxing)
 .debug_str     0x000000000000354d       0x4f build/system_stm32f1xx.o
                                        0x228 (size before relaxing)
 .debug_str     0x000000000000359c      0x136 build/list.o
                                        0x2c9 (size before relaxing)
 .debug_str     0x00000000000036d2      0xbd9 build/tasks.o
                                        0xfb2 (size before relaxing)
 .debug_str     0x00000000000042ab      0x848 build/cmsis_os.o
                                       0x1006 (size before relaxing)
 .debug_str     0x0000000000004af3      0x1de build/heap_4.o
                                        0x3bd (size before relaxing)
 .debug_str     0x0000000000004cd1      0x16d build/port.o
                                        0x435 (size before relaxing)
 .debug_str     0x0000000000004e3e      0x870 build/stm32f1xx_hal_i2c.o
                                        0xf8c (size before relaxing)
 .debug_str     0x00000000000056ae       0x30 build/startup_stm32f103xb.o
                                         0x66 (size before relaxing)
 .debug_str     0x00000000000056de      0x62f /usr/lib/gcc/arm-none-eabi/12.2.0/../../../../arm-none-eabi/lib/thumb/v7-m/nofp/libc_nano.a(libc_a-findfp.o)
                                        0x75a (size before relaxing)
 .debug_str     0x0000000000005d0d       0x86 /usr/lib/gcc/arm-none-eabi/12.2.0/../../../../arm-none-eabi/lib/thumb/v7-m/nofp/libc_nano.a(libc_a-sprintf.o)
                                        0x516 (size before relaxing)
 .debug_str     0x0000000000005d93       0x44 /usr/lib/gcc/arm-none-eabi/12.2.0/../../../../arm-none-eabi/lib/thumb/v7-m/nofp/libc_nano.a(libc_a-memset.o)
                                        0x1b7 (size before relaxing)
 .debug_str     0x0000000000005dd7       0x69 /usr/lib/gcc/arm-none-eabi/12.2.0/../../../../arm-none-eabi/lib/thumb/v7-m/nofp/libc_nano.a(libc_a-reent.o)
                                        0x4f6 (size before relaxing)
 .debug_str     0x0000000000005e40       0x43 /usr/lib/gcc/arm-none-eabi/12.2.0/../../../../arm-none-eabi/lib/thumb/v7-m/nofp/libc_nano.a(libc_a-impure.o)
                                        0x4d7 (size before relaxing)
 .debug_str     0x0000000000005e83       0xa0 /usr/lib/gcc/arm-none-eabi/12.2.0/../../../../arm-none-eabi/lib/thumb/v7-m/nofp/libc_nano.a(libc_a-init.o)
                                        0x218 (size before relaxing)
 .debug_str     0x0000000000005f23      0x1c1 /usr/lib/gcc/arm-none-eabi/12.2.0/../../../../arm-none-eabi/lib/thumb/v7-m/nofp/libc_nano.a(libc_a-lock.o)
                                        0x32a (size before relaxing)
 .debug_str     0x00000000000060e4       0x69 /usr/lib/gcc/arm-none-eabi/12.2.0/../../../../arm-none-eabi/lib/thumb/v7-m/nofp/libc_nano.a(libc_a-memcpy-stub.o)
                                        0x1d5 (size before relaxing)
 .debug_str     0x000000000000614d       0xbd /usr/lib/gcc/arm-none-eabi/12.2.0/../../../../arm-none-eabi/lib/thumb/v7-m/nofp/libc_nano.a(libc_a-freer.o)
                                        0x557 (size before relaxing)
 .debug_str     0x000000000000620a       0xac /usr/lib/gcc/arm-none-eabi/12.2.0/../../../../arm-none-eabi/lib/thumb/v7-m/nofp/libc_nano.a(libc_a-mallocr.o)
                                        0x5b8 (size before relaxing)
 .debug_str     0x00000000000062b6       0x43 /usr/lib/gcc/arm-none-eabi/12.2.0/../../../../arm-none-eabi/lib/thumb/v7-m/nofp/libc_nano.a(libc_a-mlock.o)
                                        0x559 (size before relaxing)
 .debug_str     0x00000000000062f9      0x292 /usr/lib/gcc/arm-none-eabi/12.2.0/../../../../arm-none-eabi/lib/thumb/v7-m/nofp/libc_nano.a(libc_a-nano-svfprintf.o)
                                        0x820 (size before relaxing)
 .debug_str     0x000000000000658b       0xa4 /usr/lib/gcc/arm-none-eabi/12.2.0/../../../../arm-none-eabi/lib/thumb/v7-m/nofp/libc_nano.a(libc_a-nano-vfprintf_i.o)
                                        0x7b6 (size before relaxing)
 .debug_str     0x000000000000662f       0x5e /usr/lib/gcc/arm-none-eabi/12.2.0/../../../../arm-none-eabi/lib/thumb/v7-m/nofp/libc_nano.a(libc_a-memmove.o)
                                        0x1d2 (size before relaxing)
 .debug_str     0x000000000000668d       0x4d /usr/lib/gcc/arm-none-eabi/12.2.0/../../../../arm-none-eabi/lib/thumb/v7-m/nofp/libc_nano.a(libc_a-sbrkr.o)
                                        0x4e0 (size before relaxing)
 .debug_str     0x00000000000066da       0x4e /usr/lib/gcc/arm-none-eabi/12.2.0/../../../../arm-none-eabi/lib/thumb/v7-m/nofp/libc_nano.a(libc_a-memchr-stub.o)
                                        0x1d1 (size before relaxing)
 .debug_str     0x0000000000006728       0x72 /usr/lib/gcc/arm-none-eabi/12.2.0/../../../../arm-none-eabi/lib/thumb/v7-m/nofp/libc_nano.a(libc_a-reallocr.o)
                                        0x54d (size before relaxing)
 .debug_str     0x000000000000679a       0x53 /usr/lib/gcc/arm-none-eabi/12.2.0/../../../../arm-none-eabi/lib/thumb/v7-m/nofp/libc_nano.a(libc_a-msizer.o)
                                        0x520 (size before relaxing)

.comment        0x0000000000000000       0x1e
 .comment       0x0000000000000000       0x1e build/main.o
                                         0x1f (size before relaxing)
 .comment       0x000000000000001e       0x1f build/freertos.o
 .comment       0x000000000000001e       0x1f build/stm32f1xx_it.o
 .comment       0x000000000000001e       0x1f build/stm32f1xx_hal_msp.o
 .comment       0x000000000000001e       0x1f build/stm32f1xx_hal_timebase_tim.o
 .comment       0x000000000000001e       0x1f build/i2c_lcd.o
 .comment       0x000000000000001e       0x1f build/stm32f1xx_hal.o
 .comment       0x000000000000001e       0x1f build/stm32f1xx_hal_rcc.o
 .comment       0x000000000000001e       0x1f build/stm32f1xx_hal_gpio.o
 .comment       0x000000000000001e       0x1f build/stm32f1xx_hal_cortex.o
 .comment       0x000000000000001e       0x1f build/stm32f1xx_hal_tim.o
 .comment       0x000000000000001e       0x1f build/stm32f1xx_hal_tim_ex.o
 .comment       0x000000000000001e       0x1f build/system_stm32f1xx.o
 .comment       0x000000000000001e       0x1f build/list.o
 .comment       0x000000000000001e       0x1f build/tasks.o
 .comment       0x000000000000001e       0x1f build/cmsis_os.o
 .comment       0x000000000000001e       0x1f build/heap_4.o
 .comment       0x000000000000001e       0x1f build/port.o
 .comment       0x000000000000001e       0x1f build/stm32f1xx_hal_i2c.o
 .comment       0x000000000000001e       0x1f /usr/lib/gcc/arm-none-eabi/12.2.0/../../../../arm-none-eabi/lib/thumb/v7-m/nofp/libc_nano.a(libc_a-findfp.o)
 .comment       0x000000000000001e       0x1f /usr/lib/gcc/arm-none-eabi/12.2.0/../../../../arm-none-eabi/lib/thumb/v7-m/nofp/libc_nano.a(libc_a-sprintf.o)
 .comment       0x000000000000001e       0x1f /usr/lib/gcc/arm-none-eabi/12.2.0/../../../../arm-none-eabi/lib/thumb/v7-m/nofp/libc_nano.a(libc_a-memset.o)
 .comment       0x000000000000001e       0x1f /usr/lib/gcc/arm-none-eabi/12.2.0/../../../../arm-none-eabi/lib/thumb/v7-m/nofp/libc_nano.a(libc_a-reent.o)
 .comment       0x000000000000001e       0x1f /usr/lib/gcc/arm-none-eabi/12.2.0/../../../../arm-none-eabi/lib/thumb/v7-m/nofp/libc_nano.a(libc_a-impure.o)
 .comment       0x000000000000001e       0x1f /usr/lib/gcc/arm-none-eabi/12.2.0/../../../../arm-none-eabi/lib/thumb/v7-m/nofp/libc_nano.a(libc_a-init.o)
 .comment       0x000000000000001e       0x1f /usr/lib/gcc/arm-none-eabi/12.2.0/../../../../arm-none-eabi/lib/thumb/v7-m/nofp/libc_nano.a(libc_a-lock.o)
 .comment       0x000000000000001e       0x1f /usr/lib/gcc/arm-none-eabi/12.2.0/../../../../arm-none-eabi/lib/thumb/v7-m/nofp/libc_nano.a(libc_a-memcpy-stub.o)
 .comment       0x000000000000001e       0x1f /usr/lib/gcc/arm-none-eabi/12.2.0/../../../../arm-none-eabi/lib/thumb/v7-m/nofp/libc_nano.a(libc_a-freer.o)
 .comment       0x000000000000001e       0x1f /usr/lib/gcc/arm-none-eabi/12.2.0/../../../../arm-none-eabi/lib/thumb/v7-m/nofp/libc_nano.a(libc_a-mallocr.o)
 .comment       0x000000000000001e       0x1f /usr/lib/gcc/arm-none-eabi/12.2.0/../../../../arm-none-eabi/lib/thumb/v7-m/nofp/libc_nano.a(libc_a-mlock.o)
 .comment       0x000000000000001e       0x1f /usr/lib/gcc/arm-none-eabi/12.2.0/../../../../arm-none-eabi/lib/thumb/v7-m/nofp/libc_nano.a(libc_a-nano-svfprintf.o)
 .comment       0x000000000000001e       0x1f /usr/lib/gcc/arm-none-eabi/12.2.0/../../../../arm-none-eabi/lib/thumb/v7-m/nofp/libc_nano.a(libc_a-nano-vfprintf_i.o)
 .comment       0x000000000000001e       0x1f /usr/lib/gcc/arm-none-eabi/12.2.0/../../../../arm-none-eabi/lib/thumb/v7-m/nofp/libc_nano.a(libc_a-memmove.o)
 .comment       0x000000000000001e       0x1f /usr/lib/gcc/arm-none-eabi/12.2.0/../../../../arm-none-eabi/lib/thumb/v7-m/nofp/libc_nano.a(libc_a-sbrkr.o)
 .comment       0x000000000000001e       0x1f /usr/lib/gcc/arm-none-eabi/12.2.0/../../../../arm-none-eabi/lib/thumb/v7-m/nofp/libc_nano.a(libc_a-memchr-stub.o)
 .comment       0x000000000000001e       0x1f /usr/lib/gcc/arm-none-eabi/12.2.0/../../../../arm-none-eabi/lib/thumb/v7-m/nofp/libc_nano.a(libc_a-reallocr.o)
 .comment       0x000000000000001e       0x1f /usr/lib/gcc/arm-none-eabi/12.2.0/../../../../arm-none-eabi/lib/thumb/v7-m/nofp/libc_nano.a(libc_a-msizer.o)

.debug_frame    0x0000000000000000     0x363c
 .debug_frame   0x0000000000000000      0x118 build/main.o
 .debug_frame   0x0000000000000118       0x30 build/freertos.o
 .debug_frame   0x0000000000000148       0xa0 build/stm32f1xx_it.o
 .debug_frame   0x00000000000001e8       0x64 build/stm32f1xx_hal_msp.o
 .debug_frame   0x000000000000024c       0x54 build/stm32f1xx_hal_timebase_tim.o
 .debug_frame   0x00000000000002a0      0x258 build/i2c_lcd.o
 .debug_frame   0x00000000000004f8      0x1cc build/stm32f1xx_hal.o
 .debug_frame   0x00000000000006c4      0x190 build/stm32f1xx_hal_rcc.o
 .debug_frame   0x0000000000000854       0xe4 build/stm32f1xx_hal_gpio.o
 .debug_frame   0x0000000000000938      0x19c build/stm32f1xx_hal_cortex.o
 .debug_frame   0x0000000000000ad4      0xb14 build/stm32f1xx_hal_tim.o
 .debug_frame   0x00000000000015e8      0x40c build/stm32f1xx_hal_tim_ex.o
 .debug_frame   0x00000000000019f4       0x30 build/system_stm32f1xx.o
 .debug_frame   0x0000000000001a24       0x70 build/list.o
 .debug_frame   0x0000000000001a94      0x564 build/tasks.o
 .debug_frame   0x0000000000001ff8      0x58c build/cmsis_os.o
 .debug_frame   0x0000000000002584       0xb0 build/heap_4.o
 .debug_frame   0x0000000000002634       0xf0 build/port.o
 .debug_frame   0x0000000000002724      0x970 build/stm32f1xx_hal_i2c.o
 .debug_frame   0x0000000000003094      0x144 /usr/lib/gcc/arm-none-eabi/12.2.0/../../../../arm-none-eabi/lib/thumb/v7-m/nofp/libc_nano.a(libc_a-findfp.o)
 .debug_frame   0x00000000000031d8       0x6c /usr/lib/gcc/arm-none-eabi/12.2.0/../../../../arm-none-eabi/lib/thumb/v7-m/nofp/libc_nano.a(libc_a-sprintf.o)
 .debug_frame   0x0000000000003244       0x20 /usr/lib/gcc/arm-none-eabi/12.2.0/../../../../arm-none-eabi/lib/thumb/v7-m/nofp/libc_nano.a(libc_a-memset.o)
 .debug_frame   0x0000000000003264       0x38 /usr/lib/gcc/arm-none-eabi/12.2.0/../../../../arm-none-eabi/lib/thumb/v7-m/nofp/libc_nano.a(libc_a-reent.o)
 .debug_frame   0x000000000000329c       0x2c /usr/lib/gcc/arm-none-eabi/12.2.0/../../../../arm-none-eabi/lib/thumb/v7-m/nofp/libc_nano.a(libc_a-init.o)
 .debug_frame   0x00000000000032c8       0xb0 /usr/lib/gcc/arm-none-eabi/12.2.0/../../../../arm-none-eabi/lib/thumb/v7-m/nofp/libc_nano.a(libc_a-lock.o)
 .debug_frame   0x0000000000003378       0x28 /usr/lib/gcc/arm-none-eabi/12.2.0/../../../../arm-none-eabi/lib/thumb/v7-m/nofp/libc_nano.a(libc_a-memcpy-stub.o)
 .debug_frame   0x00000000000033a0       0x38 /usr/lib/gcc/arm-none-eabi/12.2.0/../../../../arm-none-eabi/lib/thumb/v7-m/nofp/libc_nano.a(libc_a-freer.o)
 .debug_frame   0x00000000000033d8       0x4c /usr/lib/gcc/arm-none-eabi/12.2.0/../../../../arm-none-eabi/lib/thumb/v7-m/nofp/libc_nano.a(libc_a-mallocr.o)
 .debug_frame   0x0000000000003424       0x30 /usr/lib/gcc/arm-none-eabi/12.2.0/../../../../arm-none-eabi/lib/thumb/v7-m/nofp/libc_nano.a(libc_a-mlock.o)
 .debug_frame   0x0000000000003454       0x90 /usr/lib/gcc/arm-none-eabi/12.2.0/../../../../arm-none-eabi/lib/thumb/v7-m/nofp/libc_nano.a(libc_a-nano-svfprintf.o)
 .debug_frame   0x00000000000034e4       0x60 /usr/lib/gcc/arm-none-eabi/12.2.0/../../../../arm-none-eabi/lib/thumb/v7-m/nofp/libc_nano.a(libc_a-nano-vfprintf_i.o)
 .debug_frame   0x0000000000003544       0x28 /usr/lib/gcc/arm-none-eabi/12.2.0/../../../../arm-none-eabi/lib/thumb/v7-m/nofp/libc_nano.a(libc_a-memmove.o)
 .debug_frame   0x000000000000356c       0x2c /usr/lib/gcc/arm-none-eabi/12.2.0/../../../../arm-none-eabi/lib/thumb/v7-m/nofp/libc_nano.a(libc_a-sbrkr.o)
 .debug_frame   0x0000000000003598       0x28 /usr/lib/gcc/arm-none-eabi/12.2.0/../../../../arm-none-eabi/lib/thumb/v7-m/nofp/libc_nano.a(libc_a-memchr-stub.o)
 .debug_frame   0x00000000000035c0       0x3c /usr/lib/gcc/arm-none-eabi/12.2.0/../../../../arm-none-eabi/lib/thumb/v7-m/nofp/libc_nano.a(libc_a-reallocr.o)
 .debug_frame   0x00000000000035fc       0x20 /usr/lib/gcc/arm-none-eabi/12.2.0/../../../../arm-none-eabi/lib/thumb/v7-m/nofp/libc_nano.a(libc_a-msizer.o)
 .debug_frame   0x000000000000361c       0x20 /usr/lib/gcc/arm-none-eabi/12.2.0/../../../../arm-none-eabi/lib/thumb/v7-m/nofp/libnosys.a(sbrk.o)

.debug_loclists
                0x0000000000000000     0x13ce
 .debug_loclists
                0x0000000000000000      0x252 /usr/lib/gcc/arm-none-eabi/12.2.0/../../../../arm-none-eabi/lib/thumb/v7-m/nofp/libc_nano.a(libc_a-findfp.o)
 .debug_loclists
                0x0000000000000252       0x89 /usr/lib/gcc/arm-none-eabi/12.2.0/../../../../arm-none-eabi/lib/thumb/v7-m/nofp/libc_nano.a(libc_a-sprintf.o)
 .debug_loclists
                0x00000000000002db       0x3b /usr/lib/gcc/arm-none-eabi/12.2.0/../../../../arm-none-eabi/lib/thumb/v7-m/nofp/libc_nano.a(libc_a-memset.o)
 .debug_loclists
                0x0000000000000316       0x72 /usr/lib/gcc/arm-none-eabi/12.2.0/../../../../arm-none-eabi/lib/thumb/v7-m/nofp/libc_nano.a(libc_a-reent.o)
 .debug_loclists
                0x0000000000000388       0x34 /usr/lib/gcc/arm-none-eabi/12.2.0/../../../../arm-none-eabi/lib/thumb/v7-m/nofp/libc_nano.a(libc_a-init.o)
 .debug_loclists
                0x00000000000003bc       0x23 /usr/lib/gcc/arm-none-eabi/12.2.0/../../../../arm-none-eabi/lib/thumb/v7-m/nofp/libc_nano.a(libc_a-lock.o)
 .debug_loclists
                0x00000000000003df       0x8f /usr/lib/gcc/arm-none-eabi/12.2.0/../../../../arm-none-eabi/lib/thumb/v7-m/nofp/libc_nano.a(libc_a-memcpy-stub.o)
 .debug_loclists
                0x000000000000046e       0xd4 /usr/lib/gcc/arm-none-eabi/12.2.0/../../../../arm-none-eabi/lib/thumb/v7-m/nofp/libc_nano.a(libc_a-freer.o)
 .debug_loclists
                0x0000000000000542      0x219 /usr/lib/gcc/arm-none-eabi/12.2.0/../../../../arm-none-eabi/lib/thumb/v7-m/nofp/libc_nano.a(libc_a-mallocr.o)
 .debug_loclists
                0x000000000000075b       0x3a /usr/lib/gcc/arm-none-eabi/12.2.0/../../../../arm-none-eabi/lib/thumb/v7-m/nofp/libc_nano.a(libc_a-mlock.o)
 .debug_loclists
                0x0000000000000795      0x446 /usr/lib/gcc/arm-none-eabi/12.2.0/../../../../arm-none-eabi/lib/thumb/v7-m/nofp/libc_nano.a(libc_a-nano-svfprintf.o)
 .debug_loclists
                0x0000000000000bdb      0x43b /usr/lib/gcc/arm-none-eabi/12.2.0/../../../../arm-none-eabi/lib/thumb/v7-m/nofp/libc_nano.a(libc_a-nano-vfprintf_i.o)
 .debug_loclists
                0x0000000000001016      0x119 /usr/lib/gcc/arm-none-eabi/12.2.0/../../../../arm-none-eabi/lib/thumb/v7-m/nofp/libc_nano.a(libc_a-memmove.o)
 .debug_loclists
                0x000000000000112f       0x4c /usr/lib/gcc/arm-none-eabi/12.2.0/../../../../arm-none-eabi/lib/thumb/v7-m/nofp/libc_nano.a(libc_a-sbrkr.o)
 .debug_loclists
                0x000000000000117b       0xbb /usr/lib/gcc/arm-none-eabi/12.2.0/../../../../arm-none-eabi/lib/thumb/v7-m/nofp/libc_nano.a(libc_a-memchr-stub.o)
 .debug_loclists
                0x0000000000001236      0x104 /usr/lib/gcc/arm-none-eabi/12.2.0/../../../../arm-none-eabi/lib/thumb/v7-m/nofp/libc_nano.a(libc_a-reallocr.o)
 .debug_loclists
                0x000000000000133a       0x62 /usr/lib/gcc/arm-none-eabi/12.2.0/../../../../arm-none-eabi/lib/thumb/v7-m/nofp/libc_nano.a(libc_a-msizer.o)
 .debug_loclists
                0x000000000000139c       0x32 /usr/lib/gcc/arm-none-eabi/12.2.0/../../../../arm-none-eabi/lib/thumb/v7-m/nofp/libnosys.a(sbrk.o)

.debug_rnglists
                0x0000000000000000      0x2c0
 .debug_rnglists
                0x0000000000000000       0x7d /usr/lib/gcc/arm-none-eabi/12.2.0/../../../../arm-none-eabi/lib/thumb/v7-m/nofp/libc_nano.a(libc_a-findfp.o)
 .debug_rnglists
                0x000000000000007d       0x19 /usr/lib/gcc/arm-none-eabi/12.2.0/../../../../arm-none-eabi/lib/thumb/v7-m/nofp/libc_nano.a(libc_a-sprintf.o)
 .debug_rnglists
                0x0000000000000096       0x13 /usr/lib/gcc/arm-none-eabi/12.2.0/../../../../arm-none-eabi/lib/thumb/v7-m/nofp/libc_nano.a(libc_a-memset.o)
 .debug_rnglists
                0x00000000000000a9       0x30 /usr/lib/gcc/arm-none-eabi/12.2.0/../../../../arm-none-eabi/lib/thumb/v7-m/nofp/libc_nano.a(libc_a-reent.o)
 .debug_rnglists
                0x00000000000000d9       0x13 /usr/lib/gcc/arm-none-eabi/12.2.0/../../../../arm-none-eabi/lib/thumb/v7-m/nofp/libc_nano.a(libc_a-init.o)
 .debug_rnglists
                0x00000000000000ec       0x49 /usr/lib/gcc/arm-none-eabi/12.2.0/../../../../arm-none-eabi/lib/thumb/v7-m/nofp/libc_nano.a(libc_a-lock.o)
 .debug_rnglists
                0x0000000000000135       0x13 /usr/lib/gcc/arm-none-eabi/12.2.0/../../../../arm-none-eabi/lib/thumb/v7-m/nofp/libc_nano.a(libc_a-memcpy-stub.o)
 .debug_rnglists
                0x0000000000000148       0x14 /usr/lib/gcc/arm-none-eabi/12.2.0/../../../../arm-none-eabi/lib/thumb/v7-m/nofp/libc_nano.a(libc_a-freer.o)
 .debug_rnglists
                0x000000000000015c       0x29 /usr/lib/gcc/arm-none-eabi/12.2.0/../../../../arm-none-eabi/lib/thumb/v7-m/nofp/libc_nano.a(libc_a-mallocr.o)
 .debug_rnglists
                0x0000000000000185       0x19 /usr/lib/gcc/arm-none-eabi/12.2.0/../../../../arm-none-eabi/lib/thumb/v7-m/nofp/libc_nano.a(libc_a-mlock.o)
 .debug_rnglists
                0x000000000000019e       0x43 /usr/lib/gcc/arm-none-eabi/12.2.0/../../../../arm-none-eabi/lib/thumb/v7-m/nofp/libc_nano.a(libc_a-nano-svfprintf.o)
 .debug_rnglists
                0x00000000000001e1       0x6d /usr/lib/gcc/arm-none-eabi/12.2.0/../../../../arm-none-eabi/lib/thumb/v7-m/nofp/libc_nano.a(libc_a-nano-vfprintf_i.o)
 .debug_rnglists
                0x000000000000024e       0x13 /usr/lib/gcc/arm-none-eabi/12.2.0/../../../../arm-none-eabi/lib/thumb/v7-m/nofp/libc_nano.a(libc_a-memmove.o)
 .debug_rnglists
                0x0000000000000261       0x13 /usr/lib/gcc/arm-none-eabi/12.2.0/../../../../arm-none-eabi/lib/thumb/v7-m/nofp/libc_nano.a(libc_a-sbrkr.o)
 .debug_rnglists
                0x0000000000000274       0x13 /usr/lib/gcc/arm-none-eabi/12.2.0/../../../../arm-none-eabi/lib/thumb/v7-m/nofp/libc_nano.a(libc_a-memchr-stub.o)
 .debug_rnglists
                0x0000000000000287       0x13 /usr/lib/gcc/arm-none-eabi/12.2.0/../../../../arm-none-eabi/lib/thumb/v7-m/nofp/libc_nano.a(libc_a-reallocr.o)
 .debug_rnglists
                0x000000000000029a       0x13 /usr/lib/gcc/arm-none-eabi/12.2.0/../../../../arm-none-eabi/lib/thumb/v7-m/nofp/libc_nano.a(libc_a-msizer.o)
 .debug_rnglists
                0x00000000000002ad       0x13 /usr/lib/gcc/arm-none-eabi/12.2.0/../../../../arm-none-eabi/lib/thumb/v7-m/nofp/libnosys.a(sbrk.o)

Cross Reference Table

Symbol                                            File
ADC1_2_IRQHandler                                 build/startup_stm32f103xb.o
AHBPrescTable                                     build/system_stm32f1xx.o
                                                  build/stm32f1xx_hal_rcc.o
APBPrescTable                                     build/system_stm32f1xx.o
                                                  build/stm32f1xx_hal_rcc.o
BusFault_Handler                                  build/stm32f1xx_it.o
CAN1_RX1_IRQHandler                               build/startup_stm32f103xb.o
CAN1_SCE_IRQHandler                               build/startup_stm32f103xb.o
DMA1_Channel1_IRQHandler                          build/startup_stm32f103xb.o
DMA1_Channel2_IRQHandler                          build/startup_stm32f103xb.o
DMA1_Channel3_IRQHandler                          build/startup_stm32f103xb.o
DMA1_Channel4_IRQHandler                          build/startup_stm32f103xb.o
DMA1_Channel5_IRQHandler                          build/startup_stm32f103xb.o
DMA1_Channel6_IRQHandler                          build/startup_stm32f103xb.o
DMA1_Channel7_IRQHandler                          build/startup_stm32f103xb.o
DebugMon_Handler                                  build/stm32f1xx_it.o
Default_Handler                                   build/startup_stm32f103xb.o
EXTI0_IRQHandler                                  build/startup_stm32f103xb.o
EXTI15_10_IRQHandler                              build/startup_stm32f103xb.o
EXTI1_IRQHandler                                  build/startup_stm32f103xb.o
EXTI2_IRQHandler                                  build/startup_stm32f103xb.o
EXTI3_IRQHandler                                  build/stm32f1xx_it.o
EXTI4_IRQHandler                                  build/startup_stm32f103xb.o
EXTI9_5_IRQHandler                                build/startup_stm32f103xb.o
Error_Handler                                     build/main.o
FLASH_IRQHandler                                  build/startup_stm32f103xb.o
FLASH_PageErase                                   build/stm32f1xx_hal_flash_ex.o
                                                  build/stm32f1xx_hal_flash.o
FLASH_WaitForLastOperation                        build/stm32f1xx_hal_flash.o
                                                  build/stm32f1xx_hal_flash_ex.o
HAL_DBGMCU_DisableDBGSleepMode                    build/stm32f1xx_hal.o
HAL_DBGMCU_DisableDBGStandbyMode                  build/stm32f1xx_hal.o
HAL_DBGMCU_DisableDBGStopMode                     build/stm32f1xx_hal.o
HAL_DBGMCU_EnableDBGSleepMode                     build/stm32f1xx_hal.o
HAL_DBGMCU_EnableDBGStandbyMode                   build/stm32f1xx_hal.o
HAL_DBGMCU_EnableDBGStopMode                      build/stm32f1xx_hal.o
HAL_DMA_Abort                                     build/stm32f1xx_hal_dma.o
HAL_DMA_Abort_IT                                  build/stm32f1xx_hal_dma.o
                                                  build/stm32f1xx_hal_i2c.o
                                                  build/stm32f1xx_hal_tim_ex.o
                                                  build/stm32f1xx_hal_tim.o
HAL_DMA_DeInit                                    build/stm32f1xx_hal_dma.o
HAL_DMA_GetError                                  build/stm32f1xx_hal_dma.o
HAL_DMA_GetState                                  build/stm32f1xx_hal_dma.o
                                                  build/stm32f1xx_hal_i2c.o
HAL_DMA_IRQHandler                                build/stm32f1xx_hal_dma.o
HAL_DMA_Init                                      build/stm32f1xx_hal_dma.o
HAL_DMA_PollForTransfer                           build/stm32f1xx_hal_dma.o
HAL_DMA_RegisterCallback                          build/stm32f1xx_hal_dma.o
HAL_DMA_Start                                     build/stm32f1xx_hal_dma.o
HAL_DMA_Start_IT                                  build/stm32f1xx_hal_dma.o
                                                  build/stm32f1xx_hal_i2c.o
                                                  build/stm32f1xx_hal_tim_ex.o
                                                  build/stm32f1xx_hal_tim.o
HAL_DMA_UnRegisterCallback                        build/stm32f1xx_hal_dma.o
HAL_DeInit                                        build/stm32f1xx_hal.o
HAL_Delay                                         build/stm32f1xx_hal.o
                                                  build/i2c_lcd.o
                                                  build/main.o
HAL_EXTI_ClearConfigLine                          build/stm32f1xx_hal_exti.o
HAL_EXTI_ClearPending                             build/stm32f1xx_hal_exti.o
HAL_EXTI_GenerateSWI                              build/stm32f1xx_hal_exti.o
HAL_EXTI_GetConfigLine                            build/stm32f1xx_hal_exti.o
HAL_EXTI_GetHandle                                build/stm32f1xx_hal_exti.o
HAL_EXTI_GetPending                               build/stm32f1xx_hal_exti.o
HAL_EXTI_IRQHandler                               build/stm32f1xx_hal_exti.o
HAL_EXTI_RegisterCallback                         build/stm32f1xx_hal_exti.o
HAL_EXTI_SetConfigLine                            build/stm32f1xx_hal_exti.o
HAL_FLASHEx_Erase                                 build/stm32f1xx_hal_flash_ex.o
HAL_FLASHEx_Erase_IT                              build/stm32f1xx_hal_flash_ex.o
HAL_FLASHEx_OBErase                               build/stm32f1xx_hal_flash_ex.o
HAL_FLASHEx_OBGetConfig                           build/stm32f1xx_hal_flash_ex.o
HAL_FLASHEx_OBGetUserData                         build/stm32f1xx_hal_flash_ex.o
HAL_FLASHEx_OBProgram                             build/stm32f1xx_hal_flash_ex.o
HAL_FLASH_EndOfOperationCallback                  build/stm32f1xx_hal_flash.o
HAL_FLASH_GetError                                build/stm32f1xx_hal_flash.o